ProxyChains-3.1 (http://proxychains.sf.net)
fimap v.1.00_svn (My life for Aiur)
:: Automatic LFI/RFI scanner and exploiter
:: by Iman Karim (fimap.dev@gmail.com)

AutoAwesome mode engaging URL 'http://www.slightergolf.com'...
Requesting 'http://www.slightergolf.com'...
Analyzing form 'Unnamed Form #1' for file inclusion bugs.
[19:23:12] [OUT] Inspecting URL 'http://www.slightergolf.com'...
[19:23:12] [INFO] Fiddling around with URL...
Starting harvester engine to get links (Depth: 0)...
Harvesting done. 21 links found. Analyzing links now...
[19:23:35] [OUT] Inspecting URL 'http://www.slightergolf.com/newsmail/mail.cgi'...
[19:23:35] [OUT] Inspecting URL 'http://www.slightergolf.com/siteservices/quote.php'...
[19:23:35] [OUT] Inspecting URL 'http://www.slightergolf.com/products/shop.php?id=20&c=hats'...
[19:23:35] [INFO] Fiddling around with URL...
[19:23:38] [OUT] Inspecting URL 'http://www.slightergolf.com/products/examples.php?id=1413'...
[19:23:38] [INFO] Fiddling around with URL...
[19:23:39] [OUT] Inspecting URL 'http://www.slightergolf.com/products/examples.php?id=1412'...
[19:23:39] [INFO] Fiddling around with URL...
[19:23:40] [OUT] Inspecting URL 'http://www.slightergolf.com/products/examples.php?id=1411'...
[19:23:40] [INFO] Fiddling around with URL...
[19:23:41] [OUT] Inspecting URL 'http://www.slightergolf.com/products/examples.php?id=1410'...
[19:23:41] [INFO] Fiddling around with URL...
[19:23:42] [OUT] Inspecting URL 'http://www.slightergolf.com/products/examples.php?id=882'...
[19:23:42] [INFO] Fiddling around with URL...
[19:23:43] [OUT] Inspecting URL 'http://www.slightergolf.com/products/examples.php?id=318'...
[19:23:43] [INFO] Fiddling around with URL...
[19:23:44] [OUT] Inspecting URL 'http://www.slightergolf.com/products/examples.php?id=1365'...
[19:23:44] [INFO] Fiddling around with URL...
[19:23:45] [OUT] Inspecting URL 'http://www.slightergolf.com/products/examples.php?id=546'...
[19:23:45] [INFO] Fiddling around with URL...
[19:23:46] [OUT] Inspecting URL 'http://www.slightergolf.com/products/examples.php?id=899'...
[19:23:46] [INFO] Fiddling around with URL...
[19:23:48] [OUT] Inspecting URL 'http://www.slightergolf.com/products/examples.php?id=1371'...
[19:23:48] [INFO] Fiddling around with URL...
[19:23:50] [OUT] Inspecting URL 'http://www.slightergolf.com/products/production.php?id=5'...
[19:23:50] [INFO] Fiddling around with URL...
[19:23:51] [OUT] Inspecting URL 'http://www.slightergolf.com/products/production.php?id=2'...
[19:23:51] [INFO] Fiddling around with URL...
[19:23:52] [OUT] Inspecting URL 'http://www.slightergolf.com/products/shop.php?c=headcovers&id=39'...
[19:23:52] [INFO] Fiddling around with URL...
[19:23:54] [OUT] Inspecting URL 'http://www.slightergolf.com/products/shop.php?c=clothing&id=15'...
[19:23:54] [INFO] Fiddling around with URL...
[19:23:56] [OUT] Inspecting URL 'http://www.slightergolf.com/products/shop.php?c=grips&id=32'...
[19:23:56] [INFO] Fiddling around with URL...
[19:23:58] [OUT] Inspecting URL 'http://www.slightergolf.com/products/shop.php?c=misc&id=8'...
[19:23:58] [INFO] Fiddling around with URL...
[19:24:00] [OUT] Inspecting URL 'http://www.slightergolf.com/information/privacypolicy.php'...
[19:24:00] [OUT] Inspecting URL 'http://www.slightergolf.com/information/orderpolicy.php'...
AutoAwesome is done.
ProxyChains-3.1 (http://proxychains.sf.net)
fimap v.1.00_svn (My life for Aiur)
:: Automatic LFI/RFI scanner and exploiter
:: by Iman Karim (fimap.dev@gmail.com)

AutoAwesome mode engaging URL 'http://www.slightergolf.com'...
Requesting 'http://www.slightergolf.com'...
Analyzing form 'Unnamed Form #1' for file inclusion bugs.
[19:24:02] [OUT] Inspecting URL 'http://www.slightergolf.com'...
[19:24:02] [INFO] Fiddling around with URL...
Starting harvester engine to get links (Depth: 0)...
Harvesting done. 21 links found. Analyzing links now...
[19:24:24] [OUT] Inspecting URL 'http://www.slightergolf.com/newsmail/mail.cgi'...
[19:24:24] [OUT] Inspecting URL 'http://www.slightergolf.com/siteservices/quote.php'...
[19:24:24] [OUT] Inspecting URL 'http://www.slightergolf.com/products/shop.php?id=20&c=hats'...
[19:24:24] [INFO] Fiddling around with URL...
[19:24:29] [OUT] Inspecting URL 'http://www.slightergolf.com/products/examples.php?id=1413'...
[19:24:29] [INFO] Fiddling around with URL...
[19:24:30] [OUT] Inspecting URL 'http://www.slightergolf.com/products/examples.php?id=1412'...
[19:24:30] [INFO] Fiddling around with URL...
[19:24:31] [OUT] Inspecting URL 'http://www.slightergolf.com/products/examples.php?id=1411'...
[19:24:31] [INFO] Fiddling around with URL...
[19:24:32] [OUT] Inspecting URL 'http://www.slightergolf.com/products/examples.php?id=1410'...
[19:24:32] [INFO] Fiddling around with URL...
[19:24:33] [OUT] Inspecting URL 'http://www.slightergolf.com/products/examples.php?id=882'...
[19:24:33] [INFO] Fiddling around with URL...
[19:24:34] [OUT] Inspecting URL 'http://www.slightergolf.com/products/examples.php?id=318'...
[19:24:34] [INFO] Fiddling around with URL...
[19:24:35] [OUT] Inspecting URL 'http://www.slightergolf.com/products/examples.php?id=1365'...
[19:24:35] [INFO] Fiddling around with URL...
[19:24:37] [OUT] Inspecting URL 'http://www.slightergolf.com/products/examples.php?id=546'...
[19:24:37] [INFO] Fiddling around with URL...
[19:24:38] [OUT] Inspecting URL 'http://www.slightergolf.com/products/examples.php?id=899'...
[19:24:38] [INFO] Fiddling around with URL...
[19:24:39] [OUT] Inspecting URL 'http://www.slightergolf.com/products/examples.php?id=1371'...
[19:24:39] [INFO] Fiddling around with URL...
[19:24:40] [OUT] Inspecting URL 'http://www.slightergolf.com/products/production.php?id=5'...
[19:24:40] [INFO] Fiddling around with URL...
[19:24:41] [OUT] Inspecting URL 'http://www.slightergolf.com/products/production.php?id=2'...
[19:24:41] [INFO] Fiddling around with URL...
[19:24:46] [OUT] Inspecting URL 'http://www.slightergolf.com/products/shop.php?c=headcovers&id=39'...
[19:24:46] [INFO] Fiddling around with URL...
[19:24:48] [OUT] Inspecting URL 'http://www.slightergolf.com/products/shop.php?c=clothing&id=15'...
[19:24:48] [INFO] Fiddling around with URL...
[19:24:50] [OUT] Inspecting URL 'http://www.slightergolf.com/products/shop.php?c=grips&id=32'...
[19:24:50] [INFO] Fiddling around with URL...
[19:24:55] [OUT] Inspecting URL 'http://www.slightergolf.com/products/shop.php?c=misc&id=8'...
[19:24:55] [INFO] Fiddling around with URL...
[19:24:57] [OUT] Inspecting URL 'http://www.slightergolf.com/information/privacypolicy.php'...
[19:24:57] [OUT] Inspecting URL 'http://www.slightergolf.com/information/orderpolicy.php'...
AutoAwesome is done.
