http://www.smash-uk.com/frf13/news.php?id=10'0x27%27
http://www.icdcprague.org/index.php?id=10'0x27%27
http://www.angelsrescuingkritters.com/adoption/cat.php?id=1142'0x27%27
http://www.lojasmafessoni.com.br/'0x27%27
http://bellasamui.com/koh-samui-shopping.php?id=8'0x27%27
http://www.mashailalqasr.com/arb/addtocart.php?id=9'0x27%27
http://www.angermann-posamenten.de/engine.php?q=acclogin.php?cartID=
http://www.thornbridgebrewery.com/shop.php?catid=2'0x27%27
http://www.vacationet.com/resort.php?id=1'0x27%27
http://bransonparksandrecreation.com/page.php?id=23'0x27%27
http://www.slightergolf.com/products/shop.php?c=misc&id=8'0x27%27
https://www.finvent.com/details.php?id=20'0x27%27
http://www.petsstop.com/category.php?id=31'0x27%27
http://marsfigures.com/main.php?id=9'0x27%27
http://www.goonskate.com/user.php?id=20'0x27%27
http://allanschore.com/booksDetail.php?bookID=3'0x27%27
http://www.hexonline.co.uk/Product.php?cid=63'0x27%27
http://new.fieldtoplate.com/add_cart.php?product_id=246'0x27%27
http://solatonline.com/quick_view.php?id=57'0x27%27
http://bygningskulturbutikken.dk/shop/vis.php?id=1088'0x27%27
http://ayurnex.com/add-to-cart.php?id=38'0x27%27
http://www.mashailalqasr.com/eng/products.php?catid=1'0x27%27
http://bransonparksandrecreation.com/sports.php?id=8'0x27%27
http://www.goodmanball.com/cart.php?action=add&id=16'0x27%27
http://outbacklabs.com/listing.php?id=1'0x27%27
https://www.bradfordshoes.com/product.php?cat_id=5'0x27%27
http://www.sedimental.com/catalog/index.php?ID=67'0x27%27
http://www.dockguard.co.uk/page.php?id=18'0x27%27
https://www.smtmax.com/category.php?id=15'0x27%27
http://www.thornbridgebrewery.co.uk/shop.php?catid=2'0x27%27
http://www.easygosg.com/attraction-product.php?id=14'0x27%27
http://coda.cc/product/product.php?id=4'0x27%27
http://www.nichegardens.com/catalog/item.php?id=1235'0x27%27
http://one-thebrand.com/product.php?id=24'0x27%27
http://esjindex.org/search.php?id=1'0x27%27
http://bevsart.com/shop/product.php?id=1'0x27%27
https://www.kaza-deluxe.com/detail.php?id=124'0x27%27
http://www.southerndesigner.com/addtocart.php?id=4788&plan_type=2'0x27%27
http://code1.okbase.net/codefile/addtocart.php_201211173976_1.htm'0x27%27
http://strategiessl.qc.ca/bulletin/archive.php?id=242'0x27%27
http://greatlifemusic.com/news-events/archive.php?id=1'0x27%27
http://www.mariodesigner.com/archive.php?id=10'0x27%27
https://bbs.2cto.com/read.php?tid=312884'0x27%27
http://www.dongcoder.com/detail-36404.html'0x27%27
https://zhyk.ru/forum/showthread.php?t=452714'0x27%27
http://blog.csdn.net/wang010366/article/details/51883494?locationNum=7'0x27%27
http://www.smtmax.com/category.php?id=15'0x27%27
http://www.oldsalmon.ca/affiliates.php?id=6'0x27%27
http://bigbyte.com.np/bycategory.php?ctid=26'0x27%27
http://www.pluginmusic.com/news/archive.php?id=1526'0x27%27
http://code1.okbase.net/codefile/affiliates_overview.php_2015010331841_931.htm'0x27%27
http://redeemer-rochester.com/archive.php?incl=archive/arc.php&id=5'0x27%27
http://www.quicktrade.co.in/category_list.php?id=32'0x27%27
http://eco3d.co.uk/library/browse.php?catid=1372'0x27%27
http://www.sapo.com.cy/browse.php?catID=1'0x27%27
http://www.acupuncturetoday.com/mpacms/at/article.php?id=31918'0x27%27
http://www.agesandstages.net/blog.php?id=40'0x27%27
http://www.monroerec.com/event.php?id=24'0x27%27
http://www.toyourhealth.com/mpacms/tyh/article.php?id=1908'0x27%27
http://www.hotcamsinc.com/ProductInfo.aspx?item_id=5608'0x27%27
http://www.zenazezza.org/detail.php?id=24'0x27%27
http://www.eleanorlevie.com/books-details.php?ID=47'0x27%27
http://www.moodsmag.com/mhc/books_details.php?id=3'0x27%27
http://www.tabletworld.co.in/order.php?pid=8'0x27%27
https://www.orillia.com/index.php?id=22'0x27%27
http://www.oms-chaumont.com/ECAC-Basket.php?id=30'0x27%27
http://www.romanianwriters.ro/book.php?id=15'0x27%27
http://code1.okbase.net/codefile/booklist.lib.php_2014122329801_511.htm'0x27%27
http://code1.okbase.net/codefile/booklist.lib.php_2015010131508_499.htm'0x27%27
http://code1.okbase.net/codefile/inc_arcbook_view.php_201211133300_340.htm'0x27%27
http://jamesbaird.ca/profile_view.php?id=13'0x27%27
http://www.one-thebrand.com/cart.php?id=0'0x27%27
http://www.tadspec.com/index.php?id=15'0x27%27
http://www.mcdracing.com/news.php?news=30'0x27%27
http://upf.com/book.asp?id=BONEX001'0x27%27
http://www.sniperflashcards.com/productinfo.php?id=7'0x27%27
http://www.biketrader.com.au/buy.php?view=bike_details&bikeId=831'0x27%27
http://cordoganclark.com/newsitem.php?id=8'0x27%27
http://www.dalesman.uk.com/products.php?prodID=A60&suppID=46'0x27%27
http://teamgear.us/store.php?id=1''0x27%27
http://acp.valec.net/index.php?id=45'0x27%27
http://www.heritagelandscapes.com/Category.asp?CID=14'0x27%27
http://www.orc.org/index.asp?id=44'0x27%27
http://siam-indo.com/general.php?id=8'0x27%27
http://www.isurs.org/gallery.php?id=3'0x27%27
http://www.bapujidental.edu/gallery.php?id=7'0x27%27
http://www.strategicforesight.com/inner-articles.php?id=121''0x27%27
http://www.lojacorr.com.br/prodCartaoCredito.php?id=ODAy'0x27%27
http://www.safrinskincare.com/cart.php?id=5002'0x27%27
http://www.ampak.com.tw/product.php?id=21'0x27%27
http://kjcf.net/index.php?id=1'0x27%27
http://www.atrium.com.pk/Shopping.php?ID=1/'0x27%27
http://www.webloadmpstore.com/product.php?id=3'0x27%27
http://www.maxprintnz.com/products.php?id=8'0x27%27
http://bransonparksandrecreation.com/park.php?id=1'0x27%27
http://www.smtmax.com/category.php?id=2'0x27%27
http://royalteakcollection.com/category.php?catid=1'0x27%27
http://www.axisplus.com.tw/eng/catalog.php?CatalogID=3'0x27%27
http://www.agenteksport.co.il/catalog.php?id=7048'0x27%27
http://www.supagro.fr/web/pages/contact.php?id=28'0x27%27
http://www.sanalkorsanlar.net/showthread.php?s=2b941ee96315eacb724b4bc12081d7c7&p=2638'0x27%27
http://code1.okbase.net/codefile/catalog_main.php_2015010231661_108.htm'0x27%27
http://www.romanianwriters.ro/s.php?id=1'0x27%27
http://library.cppp.org/category.php?cid=8'0x27%27
http://www.socolab.de/main.php?id=66'0x27%27
http://www.kandiusa.com/product_list.php?id=3'0x27%27
http://www.partsreadyonline.com/item.php?ItemID=598'0x27%27
http://blog.csdn.net/q547550831/article/details/48179453?locationNum=14'0x27%27
https://shadilal.net/checkout.asp?id=253'0x27%27
http://www.coda-continuum.com/product/product.php?id=4'0x27%27
http://dodyplast.net/product.php?id=3'0x27%27
http://instaturk.net/video/page/comments_form.php-id=
http://jankornstaedt.com/site/contact.php?id=30'0x27%27
https://www.denray.ca/contact/contact.php?cartId=20090901155133LaHXTd1ajnfENBX10367'0x27%27
http://www.supagro.fr/web/pages/contact.php?id=28'0x27%27
https://www.dansencore.ca/contact/contact.php?cartId=20130215080705Xj4WRauqNRBRTno79186'0x27%27
http://www.minghongtec.com/en/contact.php?ID=1'0x27%27
https://gknem.ru/contact.php?id=170'0x27%27
https://www.harbusfoundation.org/content.php?id=15'0x27%27
http://globezenit.be/controllers/Content/content.php?id=1762'0x27%27
http://www.energychoices.com/content.php?id=1030'0x27%27
http://www.finstral-rally.com/content.php?id=221'0x27%27
http://www.wolkers-fragmenten.nl/content.php?id=17'0x27%27
http://kaizerpk.com/content.php?Id=3'0x27%27
http://www.carefirstseniors.com/websites/content.php?id=12'0x27%27
http://www.ilslbd.com/content.php?Id=4'0x27%27
http://www.ilexmedical.com/content.php?id=1001'0x27%27
http://www.dolphin-gp.com/hr-content.php?id=1241070982'0x27%27
http://www.vaughanchinese.com/new/websites/content.php?id=1'0x27%27
http://www.dftqc.gov.np/content.php?id=213'0x27%27
http://www.mcibis.nl/content.php?id=2'0x27%27
http://tncgroup.pk/content.php?Id=2'0x27%27
http://www.interaliaproject.com/news.php?id=115'0x27%27
http://www.blsstrategies.com/content.asp?id=120'0x27%27
http://energychoices.com/content.php?id=1030'0x27%27
http://rockymeats.com/content.php?id=14'0x27%27
http://c2-europe.eu/news-full.php?id=1049'0x27%27
http://www.architecturalpapers.ch/index.php?ID=10'0x27%27
https://www.sheepgate.co.uk/content.asp?id=98'0x27%27
http://www.karibu.no/content.asp?id=3'0x27%27
http://www.kabukihouse.com/content.asp?id=121'0x27%27
http://www.kwoklam.com.cn/english/customerservice.php?id=1'0x27%27
http://www.bookmarketingworks.com/shopcart/default.php?catid=5&orderid=
http://www.apaperproposal.com/default.php?catID=4'0x27%27
http://www.woodrock.ca/sections/default.php?Id=13'0x27%27
http://plasticdraagtassen.nl/katalog/default.php?id=3&subid=1'0x27%27
http://www.zuni.org.hk/new/zuni/web/default.php?cmd=performance_detail&id=3&locale=en_US'0x27%27
https://www.sescoopsp.org.br/default.php?p=noticias.php&id=5611'0x27%27
http://www.restaurantcentury.dk/default.php?id=25653'0x27%27
http://dedoweigertfilm.de/dedo/default.php?la=0'0x27%27&pg=0'0x27%270'0x27%270'0x27%270'0x27%270'0x27%274170'0x27%2730'0x27%277&id=Felloni&section=0'0x27%27
http://www.lodewijks.com/home/default.php?a=home&id=363&site=1000&lang=nl'0x27%27
http://www.dedolight.com/dedolight/default.php?la=&pg=0'0x27%270'0x27%270'0x27%270'0x27%270'0x27%2740'0x27%270'0x27%27110'0x27%2750'0x27%275&id=DL-DLED9-D&section=0'0x27%27
http://interworld.ca/default.php?id=2'0x27%27
http://lalsaidehyfoods.com/Product-Description.php?id=1'0x27%27
http://www.fibretigre.com/pitch/description.php?id=1387'0x27%27
https://matelasalhorizontal.ca/description.php?id=59'0x27%27
http://www.infiniteshrapp.com/job-description.php?jobid=249'0x27%27
http://www.digitalpatang.com/career-description.php?id=5'0x27%27
http://remaxhomes.info/property-description.php?id=21331&table=ResidentialProperty'0x27%27
https://secure.hosting.vt.edu/www.opportunities.bse.vt.edu/description.php?ID=1501'0x27%27
https://secure.hosting.vt.edu/www.opportunities.bse.vt.edu/description.php?ID=2047'0x27%27
https://secure.hosting.vt.edu/www.opportunities.bse.vt.edu/description.php?ID=2048'0x27%27
http://www.ochcc.org/description.php?id=3001'0x27%27
http://www.kearneyrealty.net/property-description.php?id=21248&table=ResidentialProperty'0x27%27
http://www.globalasthmanetwork.org/about/description.php?ID=6'0x27%27
https://www.finvent.com/details.php?id=20'0x27%27
http://www.katoombagroup.org/details.php?id=56'0x27%27
http://www.pri.nl/details.php?objId=3566'0x27%27
http://www.editions-aire.ch/details.php?id=1993'0x27%27
http://www.muziekhuis.nl/details.php?id=408'0x27%27
http://www.sbtpedigree.com/dogarchive3/details.php?id=143008'0x27%27
http://columbustotalrealty.com/details.php?id=1700397&table=ResidentialProperty'0x27%27
https://www.convergys.com/resource-details.php?id=220'0x27%27
http://keytabi.com/book-details.php?BookID=109'0x27%27
http://www.capritiberiopalace.it/en-special-offers-details.php?id=34'0x27%27
http://athenscine.com/showing/details.php?id=1292'0x27%27
http://www.jazz.org/calendar-event-details.php?id=t-3591'0x27%27
http://www.slcusd.org/department-details.php?id=5'0x27%27
http://www.neetasherbaluk.com/products-details.php?product_id=1'0x27%27
http://www.almanak.nl/winkeltje/details.php?product_id=9'0x27%27
https://www.sports-in-bars.ie/m/details.php?id=91'0x27%27
http://www.southernmulch.com/product-details.php?product_id=ot'0x27%27
http://www.sakleysflorist.com/product-details.php?product_id=1'0x27%27
http://www.southernfarmsupply.com/product-details.php?dbupgradefile=2'0x27%27.sql&revision=2'0x27%27
http://www.wallis-seeds.co.uk/details.php?page_id=7&sub_id=5&product_id=2798'0x27%27
http://www.ambicaenterprises.co.in/view-details.php?product_id=23'0x27%27
http://mocaglobal.com.pk/details.php?id=2'0x27%27
http://lakkra.com/product-details.php?product_id=53'0x27%27
http://www.saftagroup.in/details.php?cat_id=17&product_id=1553'0x27%27
http://www.saftagroup.in/details.php?cat_id=17&product_id=1719'0x27%27
https://apkidukaan.com/product-details.php?product_id=30'0x27%27
http://beautyblust.com/product-details.php?product_id=1966'0x27%27
http://www.professionalsupplier.com/details.php?product_id=115&product_type_id=25'0x27%27
http://www.lemon64.com/games/details.php?ID=320'0x27%27
http://e-salebazar.com/details.php?product_id=7'0x27%27
http://wonderwashclean.com/service-details.php?service_id=4'0x27%27
http://www.m-demuth.de/services/details.php?service_ID=3'0x27%27
http://www.awardsforless.com/displayProducts.php/new-acrylic-awards/'0x27%27
http://alartdesign.com/emailToFriend.php?idProduct=187'0x27%27
http://www.alartdesign.com/emailToFriend.php?idProduct=23'0x27%27
http://njsfwc.org/events.php?id=702'0x27%27
http://www.tnla.com/events.php?id=38'0x27%27
https://astorialic.org/events.php?id=1195'0x27%27
http://nrscca.com/events.php?id=394'0x27%27
http://www.imojudiciary.gov.ng/events.php?id=9'0x27%27
http://www.forestrysyndicate.com/events.php?id=12'0x27%27
http://www.hlwmm.org/events.php?id=18'0x27%27
http://www.dbeventstyle.com/events.php?id=48'0x27%27
http://www.bitswgl.ac.in/news-events.php?id=43'0x27%27
https://www.spicejunction.com.sg/spice-junction/events.php?id=1'0x27%27
http://lifeskillstraining.com/faq.php?id=4'0x27%27
http://3kz.wapka.mobi/0/http://www.000webhost.com/faq.php?ID=68'0x27%27
https://www.denray.ca/faq/faq.php?cartId=20090901155133LaHXTd1ajnfENBX10367'0x27%27
http://www.selfsteer.com/faqs/faq.php?ID=134'0x27%27
http://www.3ldisplay.com/faq_list.php?catid=6'0x27%27
http://www.motioncontrol.kr/visitors/faq/faq_list.php?sm=5_5&lang=EN'0x27%27
http://www.koreahosting.co.kr/customer/faq_list.php?start=10&mode=&search_name=
http://jl17.cc/faq_list.php?pid=20&cid=21&ccid=46'0x27%27
http://www.bloomfieldrentals.com/m/faqs.php?id=3'0x27%27
http://goodneighborvet.com/faqs.php'0x27%27
http://store.heliconbooks.com/getbook.php?bookid=HBFC150601'0x27%27
http://store.heliconbooks.com/getbook.php?bookid=HBFC160801'0x27%27
http://store.heliconbooks.com/getbook.php?bookid=HBFC150601'0x27%27
http://code1.okbase.net/codefile/accountinglib.php_2014122129492_264.htm'0x27%27
http://wakasa-obama.jp/Gift/giftDetail.php?15'0x27%27
http://www.minutesemeiotic.org/home.php?id=1'0x27%27
http://www.portalabre.com.br/home.php?id=20'0x27%27
http://www.springfieldsbest.com/home.php?ID=1'0x27%27
https://www.zwaanswijkpercussion.nl/home.php?id=9'0x27%27
http://clascon.nl/subpages/home.php?id=6'0x27%27
https://talentbeehive.com/job-view-home.php?id=36'0x27%27
http://www.consorziogardaidro.it/home.php?id=1'0x27%2795&lingua=1'0x27%27
https://www.hmhb.com/pages/delaware-mobile-homes/home.php?id=52'0x27%27
http://www.nbrri.gov.ng/sites/news.php?ID=57'0x27%27
http://sneaindia.com/index.php?id=15'0x27%27
http://www.portalabre.com.br/home.php?id=20'0x27%27
http://www.sedimental.com/catalog/index.php?ID=67'0x27%27
http://www.pro-section.com/boutique06/achat/index.php?id=1'0x27%27
https://pvcinformation.org/links/index.php?catid=1'0x27%27
http://www.architecturalpapers.ch/index.php?ID=20'0x27%27
http://www.atmarine.fi/index.php?id=2'0x27%27
http://shop.wetterhoff.fi/index.php?id=462'0x27%27&lang=2'0x27%27
https://www.denray.ca/index.php?cartId=20090901155133LaHXTd1ajnfENBX10367'0x27%27
http://elitesofts.com/archive/index.php/t-63.html'0x27%27
http://www.stiebeleltronasia.com/index.php?op=product-detail&id=71'0x27%27
https://www.ileswastesystems.co.uk/index.php?id=1'0x27%27
http://www.evolutiontoys.com.ar/index.php?id=item&item=352'0x27%27
http://www.cqfa.ca/public/index.php?id=1'0x27%27
http://www.tadspec.com/index.php?id=15'0x27%27
http://www.f10products.co.za/index.php?id=5'0x27%27
http://www.icdcprague.org/index.php?id=10'0x27%27
http://www.pills-project.eu/index.php?id=138'0x27%27
https://www.debokkesprong.net/index.php?id=10'0x27%27
http://www.haerlem.nl/index.php?id=88&t=2&l=1'0x27%27
http://www.solcavsko.info/index.php?id=46'0x27%27
http://www.the99thfloor.com/index.php?id=2'0x27%27
http://www.architecturalpapers.ch/index.php?ID=10'0x27%27
http://bransonparksandrecreation.com/page.php?id=64'0x27%27
http://citylinefoods.com/index.asp?id=123'0x27%27
http://www.sriaurobindoashram.org/music/sunil/index.php?id=1'0x27%27
http://www.popbakery.co.uk/info.php?id=115'0x27%27
http://www.floormasters.be/info.php?id=2'0x27%27
http://www.luisaleitao.com/info.php?id=35'0x27%27
https://www.clanwilliam.info/info.php?id=5'0x27%27
http://www.yspnishitokyo.com/info.php?ID=2'0x27%27
http://forum.asuult.net/viewtopic.php?t=191439'0x27%27