ProxyChains-3.1 (http://proxychains.sf.net)

Starting Nmap 7.25BETA1 ( https://nmap.org ) at 2018-03-20 20:00 CET
Initiating SYN Stealth Scan at 20:00
Scanning 82.80.253.45 [100 ports]
Discovered open port 110/tcp on 82.80.253.45
Discovered open port 443/tcp on 82.80.253.45
Discovered open port 993/tcp on 82.80.253.45
Discovered open port 143/tcp on 82.80.253.45
Discovered open port 21/tcp on 82.80.253.45
Discovered open port 80/tcp on 82.80.253.45
Completed SYN Stealth Scan at 20:00, 2.06s elapsed (100 total ports)
Nmap scan report for 82.80.253.45
Host is up, received user-set (0.071s latency).
Scanned at 2018-03-20 20:00:01 CET for 2s
Not shown: 93 filtered ports, 1 closed port
Reason: 93 no-responses and 1 reset
PORT    STATE SERVICE REASON
21/tcp  open  ftp     syn-ack ttl 113
80/tcp  open  http    syn-ack ttl 115
110/tcp open  pop3    syn-ack ttl 115
143/tcp open  imap    syn-ack ttl 114
443/tcp open  https   syn-ack ttl 113
993/tcp open  imaps   syn-ack ttl 113

Read data files from: /usr/bin/../share/nmap
Nmap done: 1 IP address (1 host up) scanned in 2.13 seconds
           Raw packets sent: 194 (8.536KB) | Rcvd: 8 (348B)
