ProxyChains-3.1 (http://proxychains.sf.net)
fimap v.1.00_svn (My life for Aiur)
:: Automatic LFI/RFI scanner and exploiter
:: by Iman Karim (fimap.dev@gmail.com)

AutoAwesome mode engaging URL 'http://www.teamgear.us'...
Requesting 'http://www.teamgear.us'...
An input field doesn't have an 'name' attribute! Skipping it.
Analyzing form 'contact' for file inclusion bugs.
[19:01:27] [OUT] Inspecting URL 'http://www.teamgear.us'...
[19:01:27] [INFO] Fiddling around with URL...
Starting harvester engine to get links (Depth: 0)...
Harvesting done. 7 links found. Analyzing links now...
[19:01:32] [OUT] Inspecting URL 'http://www.teamgear.us/index.php'...
[19:01:32] [OUT] Inspecting URL 'http://www.teamgear.us/search.php'...
[19:01:32] [OUT] Inspecting URL 'http://www.teamgear.us/build_01.html'...
[19:01:32] [OUT] Inspecting URL 'http://www.teamgear.us/build_01.php'...
[19:01:32] [OUT] Inspecting URL 'http://www.teamgear.us/store.php?id=1'...
[19:01:32] [INFO] Fiddling around with URL...
[19:01:33] [OUT] Inspecting URL 'http://www.teamgear.us/about.php'...
[19:01:33] [OUT] Inspecting URL 'http://www.teamgear.us/contact_form.php'...
AutoAwesome is done.
ProxyChains-3.1 (http://proxychains.sf.net)
fimap v.1.00_svn (My life for Aiur)
:: Automatic LFI/RFI scanner and exploiter
:: by Iman Karim (fimap.dev@gmail.com)

AutoAwesome mode engaging URL 'http://www.teamgear.us'...
Requesting 'http://www.teamgear.us'...
An input field doesn't have an 'name' attribute! Skipping it.
Analyzing form 'contact' for file inclusion bugs.
[19:01:35] [OUT] Inspecting URL 'http://www.teamgear.us'...
[19:01:35] [INFO] Fiddling around with URL...
Starting harvester engine to get links (Depth: 0)...
Harvesting done. 7 links found. Analyzing links now...
[19:01:40] [OUT] Inspecting URL 'http://www.teamgear.us/index.php'...
[19:01:40] [OUT] Inspecting URL 'http://www.teamgear.us/search.php'...
[19:01:40] [OUT] Inspecting URL 'http://www.teamgear.us/build_01.html'...
[19:01:40] [OUT] Inspecting URL 'http://www.teamgear.us/build_01.php'...
[19:01:40] [OUT] Inspecting URL 'http://www.teamgear.us/store.php?id=1'...
[19:01:40] [INFO] Fiddling around with URL...
[19:01:41] [OUT] Inspecting URL 'http://www.teamgear.us/about.php'...
[19:01:41] [OUT] Inspecting URL 'http://www.teamgear.us/contact_form.php'...
AutoAwesome is done.
ProxyChains-3.1 (http://proxychains.sf.net)
fimap v.1.00_svn (My life for Aiur)
:: Automatic LFI/RFI scanner and exploiter
:: by Iman Karim (fimap.dev@gmail.com)

AutoAwesome mode engaging URL 'http://www.teamgear.us'...
Requesting 'http://www.teamgear.us'...
An input field doesn't have an 'name' attribute! Skipping it.
Analyzing form 'contact' for file inclusion bugs.
[19:09:32] [OUT] Inspecting URL 'http://www.teamgear.us'...
[19:09:32] [INFO] Fiddling around with URL...
Starting harvester engine to get links (Depth: 0)...
Harvesting done. 7 links found. Analyzing links now...
[19:09:41] [OUT] Inspecting URL 'http://www.teamgear.us/index.php'...
[19:09:41] [OUT] Inspecting URL 'http://www.teamgear.us/search.php'...
[19:09:41] [OUT] Inspecting URL 'http://www.teamgear.us/build_01.html'...
[19:09:41] [OUT] Inspecting URL 'http://www.teamgear.us/build_01.php'...
[19:09:41] [OUT] Inspecting URL 'http://www.teamgear.us/store.php?id=1'...
[19:09:41] [INFO] Fiddling around with URL...
[19:09:43] [OUT] Inspecting URL 'http://www.teamgear.us/about.php'...
[19:09:43] [OUT] Inspecting URL 'http://www.teamgear.us/contact_form.php'...
AutoAwesome is done.
ProxyChains-3.1 (http://proxychains.sf.net)
fimap v.1.00_svn (My life for Aiur)
:: Automatic LFI/RFI scanner and exploiter
:: by Iman Karim (fimap.dev@gmail.com)

AutoAwesome mode engaging URL 'http://www.teamgear.us'...
Requesting 'http://www.teamgear.us'...
An input field doesn't have an 'name' attribute! Skipping it.
Analyzing form 'contact' for file inclusion bugs.
[19:09:45] [OUT] Inspecting URL 'http://www.teamgear.us'...
[19:09:45] [INFO] Fiddling around with URL...
Starting harvester engine to get links (Depth: 0)...
Harvesting done. 7 links found. Analyzing links now...
[19:10:07] [OUT] Inspecting URL 'http://www.teamgear.us/index.php'...
[19:10:07] [OUT] Inspecting URL 'http://www.teamgear.us/search.php'...
[19:10:07] [OUT] Inspecting URL 'http://www.teamgear.us/build_01.html'...
[19:10:07] [OUT] Inspecting URL 'http://www.teamgear.us/build_01.php'...
[19:10:07] [OUT] Inspecting URL 'http://www.teamgear.us/store.php?id=1'...
[19:10:07] [INFO] Fiddling around with URL...
[19:10:10] [OUT] Inspecting URL 'http://www.teamgear.us/about.php'...
[19:10:10] [OUT] Inspecting URL 'http://www.teamgear.us/contact_form.php'...
AutoAwesome is done.
ProxyChains-3.1 (http://proxychains.sf.net)
fimap v.1.00_svn (My life for Aiur)
:: Automatic LFI/RFI scanner and exploiter
:: by Iman Karim (fimap.dev@gmail.com)

AutoAwesome mode engaging URL 'http://www.teamgear.us'...
Requesting 'http://www.teamgear.us'...
An input field doesn't have an 'name' attribute! Skipping it.
Analyzing form 'contact' for file inclusion bugs.
[19:36:11] [OUT] Inspecting URL 'http://www.teamgear.us'...
[19:36:11] [INFO] Fiddling around with URL...
Starting harvester engine to get links (Depth: 0)...
Harvesting done. 7 links found. Analyzing links now...
[19:36:20] [OUT] Inspecting URL 'http://www.teamgear.us/index.php'...
[19:36:21] [OUT] Inspecting URL 'http://www.teamgear.us/search.php'...
[19:36:21] [OUT] Inspecting URL 'http://www.teamgear.us/build_01.html'...
[19:36:21] [OUT] Inspecting URL 'http://www.teamgear.us/build_01.php'...
[19:36:21] [OUT] Inspecting URL 'http://www.teamgear.us/store.php?id=1'...
[19:36:21] [INFO] Fiddling around with URL...
[19:36:23] [OUT] Inspecting URL 'http://www.teamgear.us/about.php'...
[19:36:23] [OUT] Inspecting URL 'http://www.teamgear.us/contact_form.php'...
AutoAwesome is done.
ProxyChains-3.1 (http://proxychains.sf.net)
fimap v.1.00_svn (My life for Aiur)
:: Automatic LFI/RFI scanner and exploiter
:: by Iman Karim (fimap.dev@gmail.com)

AutoAwesome mode engaging URL 'http://www.teamgear.us'...
Requesting 'http://www.teamgear.us'...
An input field doesn't have an 'name' attribute! Skipping it.
Analyzing form 'contact' for file inclusion bugs.
[19:36:25] [OUT] Inspecting URL 'http://www.teamgear.us'...
[19:36:25] [INFO] Fiddling around with URL...
Starting harvester engine to get links (Depth: 0)...
Harvesting done. 7 links found. Analyzing links now...
[19:36:34] [OUT] Inspecting URL 'http://www.teamgear.us/index.php'...
[19:36:34] [OUT] Inspecting URL 'http://www.teamgear.us/search.php'...
[19:36:34] [OUT] Inspecting URL 'http://www.teamgear.us/build_01.html'...
[19:36:34] [OUT] Inspecting URL 'http://www.teamgear.us/build_01.php'...
[19:36:34] [OUT] Inspecting URL 'http://www.teamgear.us/store.php?id=1'...
[19:36:34] [INFO] Fiddling around with URL...
[19:36:36] [OUT] Inspecting URL 'http://www.teamgear.us/about.php'...
[19:36:36] [OUT] Inspecting URL 'http://www.teamgear.us/contact_form.php'...
AutoAwesome is done.
