inurl:about.php?cartID=
inurl:accinfo.php?cartId=
inurl:acclogin.php?cartID=
inurl:add.php?bookid=
inurl:add_cart.php?num=
inurl:addcart.php?
inurl:addItem.php
inurl:add-to-cart.php?ID=
inurl:addToCart.php?idProduct=
inurl:addtomylist.php?ProdId=
inurl:adminEditProductFields.php?intProdID=
inurl:advSearch_h.php?idCategory=
inurl:affiliate.php?ID=
inurl:affiliate-agreement.cfm?storeid=
inurl:affiliates.php?id=
inurl:ancillary.php?ID=
inurl:archive.php?id=
inurl:article.php?id=
inurl:phpx?PageID
inurl:basket.php?id=
inurl:Book.php?bookID=
inurl:book_list.php?bookid=
inurl:book_view.php?bookid=
inurl:BookDetails.php?ID=
inurl:browse.php?catid=
inurl:browse_item_details.php
inurl:Browse_Item_Details.php?Store_Id=
inurl:buy.php?
inurl:buy.php?bookid=
inurl:bycategory.php?id=
inurl:cardinfo.php?card=
inurl:cart.php?action=
inurl:cart.php?cart_id=
inurl:cart.php?id=
inurl:cart_additem.php?id=
inurl:cart_validate.php?id=
inurl:cartadd.php?id=
inurl:cat.php?iCat=
inurl:catalog.php
inurl:catalog.php?CatalogID=
inurl:catalog_item.php?ID=
inurl:catalog_main.php?catid=
inurl:category.php
inurl:category.php?catid=
inurl:category_list.php?id=
inurl:categorydisplay.php?catid=
inurl:checkout.php?cartid=
inurl:checkout.php?UserID=
inurl:checkout_confirmed.php?order_id=
inurl:checkout1.php?cartid=
inurl:comersus_listCategoriesAndProducts.php?idCategory=
inurl:comersus_optEmailToFriendForm.php?idProduct=
inurl:comersus_optReviewReadExec.php?idProduct=
inurl:comersus_viewItem.php?idProduct=
inurl:comments_form.php?ID=
inurl:contact.php?cartId=
inurl:content.php?id=
inurl:customerService.php?****ID1=
inurl:default.php?catID=
inurl:description.php?bookid=
inurl:details.php?BookID=
inurl:details.php?Press_Release_ID=
inurl:details.php?Product_ID=
inurl:details.php?Service_ID=
inurl:display_item.php?id=
inurl:displayproducts.php
inurl:downloadTrial.php?intProdID=
inurl:emailproduct.php?itemid=
inurl:emailToFriend.php?idProduct=
inurl:events.php?ID=
inurl:faq.php?cartID=
inurl:faq_list.php?id=
inurl:faqs.php?id=
inurl:feedback.php?title=
inurl:freedownload.php?bookid=
inurl:fullDisplay.php?item=
inurl:getbook.php?bookid=
inurl:GetItems.php?itemid=
inurl:giftDetail.php?id=
inurl:help.php?CartId=
inurl:home.php?id=
inurl:index.php?cart=
inurl:index.php?cartID=
inurl:index.php?ID=
inurl:info.php?ID=