ProxyChains-3.1 (http://proxychains.sf.net)
fimap v.1.00_svn (My life for Aiur)
:: Automatic LFI/RFI scanner and exploiter
:: by Iman Karim (fimap.dev@gmail.com)

AutoAwesome mode engaging URL 'http://bransonparksandrecreation.com'...
Requesting 'http://bransonparksandrecreation.com'...
An input field doesn't have an 'name' attribute! Skipping it.
Analyzing form 'Unnamed Form #1' for file inclusion bugs.
[19:19:09] [OUT] Inspecting URL 'http://bransonparksandrecreation.com&?q=&sitesearch=bransonparksandrecreation.com'...
[19:19:09] [INFO] Fiddling around with URL...
Starting harvester engine to get links (Depth: 0)...
Harvesting done. 69 links found. Analyzing links now...
[19:19:11] [OUT] Inspecting URL 'http://bransonparksandrecreation.com/index.php'...
[19:19:11] [OUT] Inspecting URL 'http://bransonparksandrecreation.com/page.php?id=8'...
[19:19:11] [INFO] Fiddling around with URL...
[19:19:12] [OUT] Inspecting URL 'http://bransonparksandrecreation.com/page.php?id=9'...
[19:19:12] [INFO] Fiddling around with URL...
[19:19:13] [OUT] Inspecting URL 'http://bransonparksandrecreation.com/page.php?id=10'...
[19:19:13] [INFO] Fiddling around with URL...
[19:19:14] [OUT] Inspecting URL 'http://bransonparksandrecreation.com/page.php?id=73'...
[19:19:14] [INFO] Fiddling around with URL...
[19:19:15] [OUT] Inspecting URL 'http://bransonparksandrecreation.com/page.php?id=11'...
[19:19:15] [INFO] Fiddling around with URL...
[19:19:15] [OUT] Inspecting URL 'http://bransonparksandrecreation.com/page.php?id=95'...
[19:19:15] [INFO] Fiddling around with URL...
[19:19:16] [OUT] Inspecting URL 'http://bransonparksandrecreation.com/page.php?id=12'...
[19:19:16] [INFO] Fiddling around with URL...
[19:19:17] [OUT] Inspecting URL 'http://bransonparksandrecreation.com/page.php?id=13'...
[19:19:17] [INFO] Fiddling around with URL...
[19:19:18] [OUT] Inspecting URL 'http://bransonparksandrecreation.com/page.php?id=15'...
[19:19:18] [INFO] Fiddling around with URL...
[19:19:19] [OUT] Inspecting URL 'http://bransonparksandrecreation.com/page.php?id=91'...
[19:19:19] [INFO] Fiddling around with URL...
[19:19:19] [OUT] Inspecting URL 'http://bransonparksandrecreation.com/page.php?id=37'...
[19:19:19] [INFO] Fiddling around with URL...
[19:19:20] [OUT] Inspecting URL 'http://bransonparksandrecreation.com/page.php?id=90'...
[19:19:20] [INFO] Fiddling around with URL...
[19:19:21] [OUT] Inspecting URL 'http://bransonparksandrecreation.com/page.php?id=2'...
[19:19:21] [INFO] Fiddling around with URL...
[19:19:21] [OUT] Inspecting URL 'http://bransonparksandrecreation.com/page.php?id=80'...
[19:19:21] [INFO] Fiddling around with URL...
[19:19:22] [OUT] Inspecting URL 'http://bransonparksandrecreation.com/page.php?id=48'...
[19:19:22] [INFO] Fiddling around with URL...
[19:19:23] [OUT] Inspecting URL 'http://bransonparksandrecreation.com/page.php?id=16'...
[19:19:23] [INFO] Fiddling around with URL...
[19:19:24] [OUT] Inspecting URL 'http://bransonparksandrecreation.com/page.php?id=53'...
[19:19:24] [INFO] Fiddling around with URL...
[19:19:25] [OUT] Inspecting URL 'http://bransonparksandrecreation.com/page.php?id=52'...
[19:19:25] [INFO] Fiddling around with URL...
[19:19:25] [OUT] Inspecting URL 'http://bransonparksandrecreation.com/page.php?id=51'...
[19:19:25] [INFO] Fiddling around with URL...
[19:19:26] [OUT] Inspecting URL 'http://bransonparksandrecreation.com/page.php?id=50'...
[19:19:26] [INFO] Fiddling around with URL...
[19:19:27] [OUT] Inspecting URL 'http://bransonparksandrecreation.com/page.php?id=49'...
[19:19:27] [INFO] Fiddling around with URL...
[19:19:28] [OUT] Inspecting URL 'http://bransonparksandrecreation.com/page.php?id=78'...
[19:19:28] [INFO] Fiddling around with URL...
[19:19:28] [OUT] Inspecting URL 'http://bransonparksandrecreation.com/sports.php?id=2'...
[19:19:28] [INFO] Fiddling around with URL...
[19:19:29] [OUT] Inspecting URL 'http://bransonparksandrecreation.com/sports.php?id=6'...
[19:19:29] [INFO] Fiddling around with URL...
[19:19:30] [OUT] Inspecting URL 'http://bransonparksandrecreation.com/sports.php?id=8'...
[19:19:30] [INFO] Fiddling around with URL...
[19:19:31] [OUT] Inspecting URL 'http://bransonparksandrecreation.com/sports.php?id=9'...
[19:19:31] [INFO] Fiddling around with URL...
[19:19:31] [OUT] Inspecting URL 'http://bransonparksandrecreation.com/sports.php?id=1'...
[19:19:31] [INFO] Fiddling around with URL...
[19:19:32] [OUT] Inspecting URL 'http://bransonparksandrecreation.com/sports.php?id=4'...
[19:19:32] [INFO] Fiddling around with URL...
[19:19:33] [OUT] Inspecting URL 'http://bransonparksandrecreation.com/sports.php?id=5'...
[19:19:33] [INFO] Fiddling around with URL...
[19:19:34] [OUT] Inspecting URL 'http://bransonparksandrecreation.com/sports.php?id=11'...
[19:19:34] [INFO] Fiddling around with URL...
[19:19:34] [OUT] Inspecting URL 'http://bransonparksandrecreation.com/page.php?id=21'...
[19:19:34] [INFO] Fiddling around with URL...
[19:19:35] [OUT] Inspecting URL 'http://bransonparksandrecreation.com/page.php?id=22'...
[19:19:35] [INFO] Fiddling around with URL...
[19:19:36] [OUT] Inspecting URL 'http://bransonparksandrecreation.com/page.php?id=85'...
[19:19:36] [INFO] Fiddling around with URL...
[19:19:37] [OUT] Inspecting URL 'http://bransonparksandrecreation.com/page.php?id=23'...
[19:19:37] [INFO] Fiddling around with URL...
[19:19:38] [OUT] Inspecting URL 'http://bransonparksandrecreation.com/page.php?id=86'...
[19:19:38] [INFO] Fiddling around with URL...
[19:19:38] [OUT] Inspecting URL 'http://bransonparksandrecreation.com/page.php?id=87'...
[19:19:38] [INFO] Fiddling around with URL...
[19:19:39] [OUT] Inspecting URL 'http://bransonparksandrecreation.com/page.php?id=93'...
[19:19:39] [INFO] Fiddling around with URL...
[19:19:40] [OUT] Inspecting URL 'http://bransonparksandrecreation.com/page.php?id=26'...
[19:19:40] [INFO] Fiddling around with URL...
[19:19:41] [OUT] Inspecting URL 'http://bransonparksandrecreation.com/page.php?id=27'...
[19:19:41] [INFO] Fiddling around with URL...
[19:19:42] [OUT] Inspecting URL 'http://bransonparksandrecreation.com/page.php?id=28'...
[19:19:42] [INFO] Fiddling around with URL...
[19:19:42] [OUT] Inspecting URL 'http://bransonparksandrecreation.com/page.php?id=29'...
[19:19:42] [INFO] Fiddling around with URL...
[19:19:43] [OUT] Inspecting URL 'http://bransonparksandrecreation.com/page.php?id=30'...
[19:19:43] [INFO] Fiddling around with URL...
[19:19:44] [OUT] Inspecting URL 'http://bransonparksandrecreation.com/page.php?id=31'...
[19:19:44] [INFO] Fiddling around with URL...
[19:19:45] [OUT] Inspecting URL 'http://bransonparksandrecreation.com/page.php?id=41'...
[19:19:45] [INFO] Fiddling around with URL...
[19:19:45] [OUT] Inspecting URL 'http://bransonparksandrecreation.com/page.php?id=42'...
[19:19:45] [INFO] Fiddling around with URL...
[19:19:46] [OUT] Inspecting URL 'http://bransonparksandrecreation.com/page.php?id=40'...
[19:19:46] [INFO] Fiddling around with URL...
[19:19:47] [OUT] Inspecting URL 'http://bransonparksandrecreation.com/page.php?id=72'...
[19:19:47] [INFO] Fiddling around with URL...
[19:19:48] [OUT] Inspecting URL 'http://bransonparksandrecreation.com/page.php?id=98'...
[19:19:48] [INFO] Fiddling around with URL...
[19:19:48] [OUT] Inspecting URL 'http://bransonparksandrecreation.com/page.php?id=57'...
[19:19:48] [INFO] Fiddling around with URL...
[19:19:49] [OUT] Inspecting URL 'http://bransonparksandrecreation.com/page.php?id=60'...
[19:19:49] [INFO] Fiddling around with URL...
[19:19:50] [OUT] Inspecting URL 'http://bransonparksandrecreation.com/page.php?id=62'...
[19:19:50] [INFO] Fiddling around with URL...
[19:19:51] [OUT] Inspecting URL 'http://bransonparksandrecreation.com/page.php?id=63'...
[19:19:51] [INFO] Fiddling around with URL...
[19:19:52] [OUT] Inspecting URL 'http://bransonparksandrecreation.com/page.php?id=66'...
[19:19:52] [INFO] Fiddling around with URL...
[19:19:53] [OUT] Inspecting URL 'http://bransonparksandrecreation.com/page.php?id=67'...
[19:19:53] [INFO] Fiddling around with URL...
[19:19:53] [OUT] Inspecting URL 'http://bransonparksandrecreation.com/page.php?id=68'...
[19:19:53] [INFO] Fiddling around with URL...
[19:19:54] [OUT] Inspecting URL 'http://bransonparksandrecreation.com/page.php?id=69'...
[19:19:54] [INFO] Fiddling around with URL...
[19:19:55] [OUT] Inspecting URL 'http://bransonparksandrecreation.com/page.php?id=77'...
[19:19:55] [INFO] Fiddling around with URL...
[19:19:56] [OUT] Inspecting URL 'http://bransonparksandrecreation.com/page.php?id=76'...
[19:19:56] [INFO] Fiddling around with URL...
[19:19:57] [OUT] Inspecting URL 'http://bransonparksandrecreation.com/page.php?id=96'...
[19:19:57] [INFO] Fiddling around with URL...
[19:19:57] [OUT] Inspecting URL 'http://bransonparksandrecreation.com/page.php?id=97'...
[19:19:57] [INFO] Fiddling around with URL...
[19:19:58] [OUT] Inspecting URL 'http://bransonparksandrecreation.com/page.php?id=84'...
[19:19:58] [INFO] Fiddling around with URL...
[19:19:59] [OUT] Inspecting URL 'http://bransonparksandrecreation.com/page.php?id=70'...
[19:19:59] [INFO] Fiddling around with URL...
[19:20:00] [OUT] Inspecting URL 'http://bransonparksandrecreation.com/page.php?id=32'...
[19:20:00] [INFO] Fiddling around with URL...
[19:20:01] [OUT] Inspecting URL 'http://bransonparksandrecreation.com/page.php?id=33'...
[19:20:01] [INFO] Fiddling around with URL...
[19:20:01] [OUT] Inspecting URL 'http://bransonparksandrecreation.com/page.php?id=34'...
[19:20:01] [INFO] Fiddling around with URL...
[19:20:02] [OUT] Inspecting URL 'http://bransonparksandrecreation.com/page.php?id=89'...
[19:20:02] [INFO] Fiddling around with URL...
[19:20:03] [OUT] Inspecting URL 'http://bransonparksandrecreation.com/page.php?id=88'...
[19:20:03] [INFO] Fiddling around with URL...
[19:20:04] [OUT] Inspecting URL 'http://bransonparksandrecreation.com/page.php?id=38'...
[19:20:04] [INFO] Fiddling around with URL...
AutoAwesome is done.
ProxyChains-3.1 (http://proxychains.sf.net)
fimap v.1.00_svn (My life for Aiur)
:: Automatic LFI/RFI scanner and exploiter
:: by Iman Karim (fimap.dev@gmail.com)

AutoAwesome mode engaging URL 'http://bransonparksandrecreation.com'...
Requesting 'http://bransonparksandrecreation.com'...
An input field doesn't have an 'name' attribute! Skipping it.
Analyzing form 'Unnamed Form #1' for file inclusion bugs.
[19:20:06] [OUT] Inspecting URL 'http://bransonparksandrecreation.com&?q=&sitesearch=bransonparksandrecreation.com'...
[19:20:06] [INFO] Fiddling around with URL...
Starting harvester engine to get links (Depth: 0)...
Harvesting done. 69 links found. Analyzing links now...
[19:20:08] [OUT] Inspecting URL 'http://bransonparksandrecreation.com/index.php'...
[19:20:08] [OUT] Inspecting URL 'http://bransonparksandrecreation.com/page.php?id=8'...
[19:20:08] [INFO] Fiddling around with URL...
[19:20:09] [OUT] Inspecting URL 'http://bransonparksandrecreation.com/page.php?id=9'...
[19:20:09] [INFO] Fiddling around with URL...
[19:20:10] [OUT] Inspecting URL 'http://bransonparksandrecreation.com/page.php?id=10'...
[19:20:10] [INFO] Fiddling around with URL...
[19:20:11] [OUT] Inspecting URL 'http://bransonparksandrecreation.com/page.php?id=73'...
[19:20:11] [INFO] Fiddling around with URL...
[19:20:11] [OUT] Inspecting URL 'http://bransonparksandrecreation.com/page.php?id=11'...
[19:20:11] [INFO] Fiddling around with URL...
[19:20:12] [OUT] Inspecting URL 'http://bransonparksandrecreation.com/page.php?id=95'...
[19:20:12] [INFO] Fiddling around with URL...
[19:20:13] [OUT] Inspecting URL 'http://bransonparksandrecreation.com/page.php?id=12'...
[19:20:13] [INFO] Fiddling around with URL...
[19:20:14] [OUT] Inspecting URL 'http://bransonparksandrecreation.com/page.php?id=13'...
[19:20:14] [INFO] Fiddling around with URL...
[19:20:14] [OUT] Inspecting URL 'http://bransonparksandrecreation.com/page.php?id=15'...
[19:20:14] [INFO] Fiddling around with URL...
[19:20:15] [OUT] Inspecting URL 'http://bransonparksandrecreation.com/page.php?id=91'...
[19:20:15] [INFO] Fiddling around with URL...
[19:20:16] [OUT] Inspecting URL 'http://bransonparksandrecreation.com/page.php?id=37'...
[19:20:16] [INFO] Fiddling around with URL...
[19:20:17] [OUT] Inspecting URL 'http://bransonparksandrecreation.com/page.php?id=90'...
[19:20:17] [INFO] Fiddling around with URL...
[19:20:17] [OUT] Inspecting URL 'http://bransonparksandrecreation.com/page.php?id=2'...
[19:20:17] [INFO] Fiddling around with URL...
[19:20:18] [OUT] Inspecting URL 'http://bransonparksandrecreation.com/page.php?id=80'...
[19:20:18] [INFO] Fiddling around with URL...
[19:20:19] [OUT] Inspecting URL 'http://bransonparksandrecreation.com/page.php?id=48'...
[19:20:19] [INFO] Fiddling around with URL...
[19:20:20] [OUT] Inspecting URL 'http://bransonparksandrecreation.com/page.php?id=16'...
[19:20:20] [INFO] Fiddling around with URL...
[19:20:21] [OUT] Inspecting URL 'http://bransonparksandrecreation.com/page.php?id=53'...
[19:20:21] [INFO] Fiddling around with URL...
[19:20:21] [OUT] Inspecting URL 'http://bransonparksandrecreation.com/page.php?id=52'...
[19:20:21] [INFO] Fiddling around with URL...
[19:20:22] [OUT] Inspecting URL 'http://bransonparksandrecreation.com/page.php?id=51'...
[19:20:22] [INFO] Fiddling around with URL...
[19:20:23] [OUT] Inspecting URL 'http://bransonparksandrecreation.com/page.php?id=50'...
[19:20:23] [INFO] Fiddling around with URL...
[19:20:24] [OUT] Inspecting URL 'http://bransonparksandrecreation.com/page.php?id=49'...
[19:20:24] [INFO] Fiddling around with URL...
[19:20:24] [OUT] Inspecting URL 'http://bransonparksandrecreation.com/page.php?id=78'...
[19:20:24] [INFO] Fiddling around with URL...
[19:20:25] [OUT] Inspecting URL 'http://bransonparksandrecreation.com/sports.php?id=2'...
[19:20:25] [INFO] Fiddling around with URL...
[19:20:26] [OUT] Inspecting URL 'http://bransonparksandrecreation.com/sports.php?id=6'...
[19:20:26] [INFO] Fiddling around with URL...
[19:20:27] [OUT] Inspecting URL 'http://bransonparksandrecreation.com/sports.php?id=8'...
[19:20:27] [INFO] Fiddling around with URL...
[19:20:27] [OUT] Inspecting URL 'http://bransonparksandrecreation.com/sports.php?id=9'...
[19:20:27] [INFO] Fiddling around with URL...
[19:20:28] [OUT] Inspecting URL 'http://bransonparksandrecreation.com/sports.php?id=1'...
[19:20:28] [INFO] Fiddling around with URL...
[19:20:29] [OUT] Inspecting URL 'http://bransonparksandrecreation.com/sports.php?id=4'...
[19:20:29] [INFO] Fiddling around with URL...
[19:20:30] [OUT] Inspecting URL 'http://bransonparksandrecreation.com/sports.php?id=5'...
[19:20:30] [INFO] Fiddling around with URL...
[19:20:30] [OUT] Inspecting URL 'http://bransonparksandrecreation.com/sports.php?id=11'...
[19:20:30] [INFO] Fiddling around with URL...
[19:20:31] [OUT] Inspecting URL 'http://bransonparksandrecreation.com/page.php?id=21'...
[19:20:31] [INFO] Fiddling around with URL...
[19:20:32] [OUT] Inspecting URL 'http://bransonparksandrecreation.com/page.php?id=22'...
[19:20:32] [INFO] Fiddling around with URL...
[19:20:33] [OUT] Inspecting URL 'http://bransonparksandrecreation.com/page.php?id=85'...
[19:20:33] [INFO] Fiddling around with URL...
[19:20:33] [OUT] Inspecting URL 'http://bransonparksandrecreation.com/page.php?id=23'...
[19:20:33] [INFO] Fiddling around with URL...
[19:20:34] [OUT] Inspecting URL 'http://bransonparksandrecreation.com/page.php?id=86'...
[19:20:34] [INFO] Fiddling around with URL...
[19:20:35] [OUT] Inspecting URL 'http://bransonparksandrecreation.com/page.php?id=87'...
[19:20:35] [INFO] Fiddling around with URL...
[19:20:36] [OUT] Inspecting URL 'http://bransonparksandrecreation.com/page.php?id=93'...
[19:20:36] [INFO] Fiddling around with URL...
[19:20:37] [OUT] Inspecting URL 'http://bransonparksandrecreation.com/page.php?id=26'...
[19:20:37] [INFO] Fiddling around with URL...
[19:20:38] [OUT] Inspecting URL 'http://bransonparksandrecreation.com/page.php?id=27'...
[19:20:38] [INFO] Fiddling around with URL...
[19:20:38] [OUT] Inspecting URL 'http://bransonparksandrecreation.com/page.php?id=28'...
[19:20:38] [INFO] Fiddling around with URL...
[19:20:39] [OUT] Inspecting URL 'http://bransonparksandrecreation.com/page.php?id=29'...
[19:20:39] [INFO] Fiddling around with URL...
[19:20:40] [OUT] Inspecting URL 'http://bransonparksandrecreation.com/page.php?id=30'...
[19:20:40] [INFO] Fiddling around with URL...
[19:20:41] [OUT] Inspecting URL 'http://bransonparksandrecreation.com/page.php?id=31'...
[19:20:41] [INFO] Fiddling around with URL...
[19:20:41] [OUT] Inspecting URL 'http://bransonparksandrecreation.com/page.php?id=41'...
[19:20:41] [INFO] Fiddling around with URL...
[19:20:42] [OUT] Inspecting URL 'http://bransonparksandrecreation.com/page.php?id=42'...
[19:20:42] [INFO] Fiddling around with URL...
[19:20:43] [OUT] Inspecting URL 'http://bransonparksandrecreation.com/page.php?id=40'...
[19:20:43] [INFO] Fiddling around with URL...
[19:20:44] [OUT] Inspecting URL 'http://bransonparksandrecreation.com/page.php?id=72'...
[19:20:44] [INFO] Fiddling around with URL...
[19:20:45] [OUT] Inspecting URL 'http://bransonparksandrecreation.com/page.php?id=98'...
[19:20:45] [INFO] Fiddling around with URL...
[19:20:45] [OUT] Inspecting URL 'http://bransonparksandrecreation.com/page.php?id=57'...
[19:20:45] [INFO] Fiddling around with URL...
[19:20:46] [OUT] Inspecting URL 'http://bransonparksandrecreation.com/page.php?id=60'...
[19:20:46] [INFO] Fiddling around with URL...
[19:20:47] [OUT] Inspecting URL 'http://bransonparksandrecreation.com/page.php?id=62'...
[19:20:47] [INFO] Fiddling around with URL...
[19:20:48] [OUT] Inspecting URL 'http://bransonparksandrecreation.com/page.php?id=63'...
[19:20:48] [INFO] Fiddling around with URL...
[19:20:48] [OUT] Inspecting URL 'http://bransonparksandrecreation.com/page.php?id=66'...
[19:20:48] [INFO] Fiddling around with URL...
[19:20:49] [OUT] Inspecting URL 'http://bransonparksandrecreation.com/page.php?id=67'...
[19:20:49] [INFO] Fiddling around with URL...
[19:20:50] [OUT] Inspecting URL 'http://bransonparksandrecreation.com/page.php?id=68'...
[19:20:50] [INFO] Fiddling around with URL...
[19:20:51] [OUT] Inspecting URL 'http://bransonparksandrecreation.com/page.php?id=69'...
[19:20:51] [INFO] Fiddling around with URL...
[19:20:52] [OUT] Inspecting URL 'http://bransonparksandrecreation.com/page.php?id=77'...
[19:20:52] [INFO] Fiddling around with URL...
[19:20:53] [OUT] Inspecting URL 'http://bransonparksandrecreation.com/page.php?id=76'...
[19:20:53] [INFO] Fiddling around with URL...
[19:20:53] [OUT] Inspecting URL 'http://bransonparksandrecreation.com/page.php?id=96'...
[19:20:53] [INFO] Fiddling around with URL...
[19:20:54] [OUT] Inspecting URL 'http://bransonparksandrecreation.com/page.php?id=97'...
[19:20:54] [INFO] Fiddling around with URL...
[19:20:55] [OUT] Inspecting URL 'http://bransonparksandrecreation.com/page.php?id=84'...
[19:20:55] [INFO] Fiddling around with URL...
[19:20:56] [OUT] Inspecting URL 'http://bransonparksandrecreation.com/page.php?id=70'...
[19:20:56] [INFO] Fiddling around with URL...
[19:20:57] [OUT] Inspecting URL 'http://bransonparksandrecreation.com/page.php?id=32'...
[19:20:57] [INFO] Fiddling around with URL...
[19:20:57] [OUT] Inspecting URL 'http://bransonparksandrecreation.com/page.php?id=33'...
[19:20:57] [INFO] Fiddling around with URL...
[19:20:58] [OUT] Inspecting URL 'http://bransonparksandrecreation.com/page.php?id=34'...
[19:20:58] [INFO] Fiddling around with URL...
[19:20:59] [OUT] Inspecting URL 'http://bransonparksandrecreation.com/page.php?id=89'...
[19:20:59] [INFO] Fiddling around with URL...
[19:21:00] [OUT] Inspecting URL 'http://bransonparksandrecreation.com/page.php?id=88'...
[19:21:00] [INFO] Fiddling around with URL...
[19:21:00] [OUT] Inspecting URL 'http://bransonparksandrecreation.com/page.php?id=38'...
[19:21:00] [INFO] Fiddling around with URL...
AutoAwesome is done.
