ProxyChains-3.1 (http://proxychains.sf.net)
fimap v.1.00_svn (My life for Aiur)
:: Automatic LFI/RFI scanner and exploiter
:: by Iman Karim (fimap.dev@gmail.com)

AutoAwesome mode engaging URL 'http://www.icdcprague.org'...
Requesting 'http://www.icdcprague.org'...
Starting harvester engine to get links (Depth: 0)...
Harvesting done. 19 links found. Analyzing links now...
[19:40:16] [OUT] Inspecting URL 'http://www.icdcprague.org/index_es.php?id=31'...
[19:40:16] [INFO] Fiddling around with URL...
[19:40:18] [OUT] Inspecting URL 'http://www.icdcprague.org/index.php?id=31'...
[19:40:18] [INFO] Fiddling around with URL...
[19:40:20] [OUT] Inspecting URL 'http://www.icdcprague.org/index.php?id=10'...
[19:40:20] [INFO] Fiddling around with URL...
[19:40:22] [OUT] Inspecting URL 'http://www.icdcprague.org/index.php?id=20'...
[19:40:22] [INFO] Fiddling around with URL...
[19:40:24] [OUT] Inspecting URL 'http://www.icdcprague.org/index.php?id=80'...
[19:40:24] [INFO] Fiddling around with URL...
[19:40:26] [OUT] Inspecting URL 'http://www.icdcprague.org/index.php?id=40'...
[19:40:26] [INFO] Fiddling around with URL...
[19:40:28] [OUT] Inspecting URL 'http://www.icdcprague.org/index.php?id=5'...
[19:40:28] [INFO] Fiddling around with URL...
[19:40:29] [OUT] Inspecting URL 'http://www.icdcprague.org/index.php?id=61'...
[19:40:29] [INFO] Fiddling around with URL...
[19:40:31] [OUT] Inspecting URL 'http://www.icdcprague.org/index.php?id=7'...
[19:40:31] [INFO] Fiddling around with URL...
[19:40:33] [OUT] Inspecting URL 'http://www.icdcprague.org/index.php?id=31&news=312'...
[19:40:33] [INFO] Fiddling around with URL...
[19:40:38] [OUT] Inspecting URL 'http://www.icdcprague.org/index.php?id=31&news=310'...
[19:40:38] [INFO] Fiddling around with URL...
[19:40:42] [OUT] Inspecting URL 'http://www.icdcprague.org/index.php?id=31&news=308'...
[19:40:42] [INFO] Fiddling around with URL...
[19:40:46] [OUT] Inspecting URL 'http://www.icdcprague.org/index.php?id=31&news=307'...
[19:40:46] [INFO] Fiddling around with URL...
[19:40:50] [OUT] Inspecting URL 'http://www.icdcprague.org/index.php?id=31&news=306'...
[19:40:50] [INFO] Fiddling around with URL...
[19:40:54] [OUT] Inspecting URL 'http://www.icdcprague.org/index.php?id=311'...
[19:40:54] [INFO] Fiddling around with URL...
[19:40:57] [OUT] Inspecting URL 'http://www.icdcprague.org/index.php?id=32'...
[19:40:57] [INFO] Fiddling around with URL...
[19:40:59] [OUT] Inspecting URL 'http://www.icdcprague.org/index.php?id=33'...
[19:40:59] [INFO] Fiddling around with URL...
[19:41:01] [OUT] Inspecting URL 'http://www.icdcprague.org/index.php?id=34'...
[19:41:01] [INFO] Fiddling around with URL...
[19:41:03] [OUT] Inspecting URL 'http://www.icdcprague.org/index.php?id=31&level=admin'...
[19:41:03] [INFO] Fiddling around with URL...
AutoAwesome is done.
ProxyChains-3.1 (http://proxychains.sf.net)
fimap v.1.00_svn (My life for Aiur)
:: Automatic LFI/RFI scanner and exploiter
:: by Iman Karim (fimap.dev@gmail.com)

AutoAwesome mode engaging URL 'http://www.icdcprague.org'...
Requesting 'http://www.icdcprague.org'...
Starting harvester engine to get links (Depth: 0)...
Harvesting done. 19 links found. Analyzing links now...
[19:41:11] [OUT] Inspecting URL 'http://www.icdcprague.org/index_es.php?id=31'...
[19:41:11] [INFO] Fiddling around with URL...
[19:41:12] [OUT] Inspecting URL 'http://www.icdcprague.org/index.php?id=31'...
[19:41:12] [INFO] Fiddling around with URL...
[19:41:14] [OUT] Inspecting URL 'http://www.icdcprague.org/index.php?id=10'...
[19:41:14] [INFO] Fiddling around with URL...
[19:41:15] [OUT] Inspecting URL 'http://www.icdcprague.org/index.php?id=20'...
[19:41:15] [INFO] Fiddling around with URL...
[19:41:17] [OUT] Inspecting URL 'http://www.icdcprague.org/index.php?id=80'...
[19:41:17] [INFO] Fiddling around with URL...
[19:41:19] [OUT] Inspecting URL 'http://www.icdcprague.org/index.php?id=40'...
[19:41:19] [INFO] Fiddling around with URL...
[19:41:21] [OUT] Inspecting URL 'http://www.icdcprague.org/index.php?id=5'...
[19:41:21] [INFO] Fiddling around with URL...
[19:41:22] [OUT] Inspecting URL 'http://www.icdcprague.org/index.php?id=61'...
[19:41:22] [INFO] Fiddling around with URL...
[19:41:24] [OUT] Inspecting URL 'http://www.icdcprague.org/index.php?id=7'...
[19:41:24] [INFO] Fiddling around with URL...

Cancelled current target...
Press CTRL+C again in the next second to terminate fimap.
[19:41:26] [OUT] Inspecting URL 'http://www.icdcprague.org/index.php?id=31&news=312'...
[19:41:26] [INFO] Fiddling around with URL...
[19:41:29] [OUT] Inspecting URL 'http://www.icdcprague.org/index.php?id=31&news=310'...
[19:41:29] [INFO] Fiddling around with URL...
[19:41:32] [OUT] Inspecting URL 'http://www.icdcprague.org/index.php?id=31&news=308'...
[19:41:32] [INFO] Fiddling around with URL...
[19:41:35] [OUT] Inspecting URL 'http://www.icdcprague.org/index.php?id=31&news=307'...
[19:41:35] [INFO] Fiddling around with URL...
[19:41:38] [OUT] Inspecting URL 'http://www.icdcprague.org/index.php?id=31&news=306'...
[19:41:38] [INFO] Fiddling around with URL...
[19:41:41] [OUT] Inspecting URL 'http://www.icdcprague.org/index.php?id=311'...
[19:41:41] [INFO] Fiddling around with URL...
[19:41:43] [OUT] Inspecting URL 'http://www.icdcprague.org/index.php?id=32'...
[19:41:43] [INFO] Fiddling around with URL...
[19:41:45] [OUT] Inspecting URL 'http://www.icdcprague.org/index.php?id=33'...
[19:41:45] [INFO] Fiddling around with URL...
[19:41:47] [OUT] Inspecting URL 'http://www.icdcprague.org/index.php?id=34'...
[19:41:47] [INFO] Fiddling around with URL...
[19:41:49] [OUT] Inspecting URL 'http://www.icdcprague.org/index.php?id=31&level=admin'...
[19:41:49] [INFO] Fiddling around with URL...
AutoAwesome is done.
