ProxyChains-3.1 (http://proxychains.sf.net)
fimap v.1.00_svn (My life for Aiur)
:: Automatic LFI/RFI scanner and exploiter
:: by Iman Karim (fimap.dev@gmail.com)

AutoAwesome mode engaging URL 'http://www.smash-uk.com'...
Requesting 'http://www.smash-uk.com'...


You have terminated me :(
ProxyChains-3.1 (http://proxychains.sf.net)
fimap v.1.00_svn (My life for Aiur)
:: Automatic LFI/RFI scanner and exploiter
:: by Iman Karim (fimap.dev@gmail.com)

AutoAwesome mode engaging URL 'http://www.smash-uk.com'...
Requesting 'http://www.smash-uk.com'...
[19:12:46] [WARN] <urlopen error [Errno 111] Connection refused>
Code == None!
Does the target exist?!
AutoAwesome mode failed. -> Aborting.
ProxyChains-3.1 (http://proxychains.sf.net)
fimap v.1.00_svn (My life for Aiur)
:: Automatic LFI/RFI scanner and exploiter
:: by Iman Karim (fimap.dev@gmail.com)

AutoAwesome mode engaging URL 'http://www.smash-uk.com'...
Requesting 'http://www.smash-uk.com'...
[19:13:02] [WARN] <urlopen error [Errno 111] Connection refused>
Code == None!
Does the target exist?!
AutoAwesome mode failed. -> Aborting.
ProxyChains-3.1 (http://proxychains.sf.net)
fimap v.1.00_svn (My life for Aiur)
:: Automatic LFI/RFI scanner and exploiter
:: by Iman Karim (fimap.dev@gmail.com)

AutoAwesome mode engaging URL 'http://www.smash-uk.com'...
Requesting 'http://www.smash-uk.com'...
[19:38:27] [WARN] <urlopen error [Errno 111] Connection refused>
Code == None!
Does the target exist?!
AutoAwesome mode failed. -> Aborting.
ProxyChains-3.1 (http://proxychains.sf.net)
fimap v.1.00_svn (My life for Aiur)
:: Automatic LFI/RFI scanner and exploiter
:: by Iman Karim (fimap.dev@gmail.com)

AutoAwesome mode engaging URL 'http://www.smash-uk.com'...
Requesting 'http://www.smash-uk.com'...
[19:38:43] [WARN] <urlopen error [Errno 111] Connection refused>
Code == None!
Does the target exist?!
AutoAwesome mode failed. -> Aborting.
