ProxyChains-3.1 (http://proxychains.sf.net)
fimap v.1.00_svn (My life for Aiur)
:: Automatic LFI/RFI scanner and exploiter
:: by Iman Karim (fimap.dev@gmail.com)

AutoAwesome mode engaging URL 'http://eco3d.co.uk'...
Requesting 'http://eco3d.co.uk'...
Cookies retrieved. Using them for further requests.
Testing file inclusion against given cookies...
[19:30:05] [OUT] Inspecting URL 'http://eco3d.co.uk'...
[19:30:05] [INFO] Fiddling around with URL...
Starting harvester engine to get links (Depth: 0)...
Harvesting done. 10 links found. Analyzing links now...
[19:30:07] [OUT] Inspecting URL 'http://eco3d.co.uk/index.php'...
[19:30:07] [INFO] Fiddling around with URL...
[19:30:08] [OUT] Inspecting URL 'http://eco3d.co.uk/help_list.php'...
[19:30:08] [INFO] Fiddling around with URL...
[19:30:08] [OUT] Inspecting URL 'http://eco3d.co.uk/signin.php?ref=/index.php'...
[19:30:08] [INFO] Fiddling around with URL...
[19:30:10] [OUT] Inspecting URL 'http://eco3d.co.uk/software.php'...
[19:30:10] [INFO] Fiddling around with URL...
[19:30:10] [OUT] Inspecting URL 'http://eco3d.co.uk/news.php'...
[19:30:10] [INFO] Fiddling around with URL...
[19:30:11] [OUT] Inspecting URL 'http://eco3d.co.uk/videos.php'...
[19:30:11] [INFO] Fiddling around with URL...
[19:30:12] [OUT] Inspecting URL 'http://eco3d.co.uk/downloads.php'...
[19:30:12] [INFO] Fiddling around with URL...
[19:30:13] [OUT] Inspecting URL 'http://eco3d.co.uk/library/index.php'...
[19:30:13] [INFO] Fiddling around with URL...
[19:30:13] [OUT] Inspecting URL 'http://eco3d.co.uk/contact.php'...
[19:30:13] [INFO] Fiddling around with URL...
[19:30:14] [OUT] Inspecting URL 'http://eco3d.co.uk/sitemap.php'...
[19:30:14] [INFO] Fiddling around with URL...
AutoAwesome is done.
ProxyChains-3.1 (http://proxychains.sf.net)
fimap v.1.00_svn (My life for Aiur)
:: Automatic LFI/RFI scanner and exploiter
:: by Iman Karim (fimap.dev@gmail.com)

AutoAwesome mode engaging URL 'http://eco3d.co.uk'...
Requesting 'http://eco3d.co.uk'...
Cookies retrieved. Using them for further requests.
Testing file inclusion against given cookies...
[19:30:16] [OUT] Inspecting URL 'http://eco3d.co.uk'...
[19:30:16] [INFO] Fiddling around with URL...
Starting harvester engine to get links (Depth: 0)...
Harvesting done. 10 links found. Analyzing links now...
[19:30:17] [OUT] Inspecting URL 'http://eco3d.co.uk/index.php'...
[19:30:17] [INFO] Fiddling around with URL...
[19:30:18] [OUT] Inspecting URL 'http://eco3d.co.uk/help_list.php'...
[19:30:18] [INFO] Fiddling around with URL...
[19:30:18] [OUT] Inspecting URL 'http://eco3d.co.uk/signin.php?ref=/index.php'...
[19:30:18] [INFO] Fiddling around with URL...
[19:30:20] [OUT] Inspecting URL 'http://eco3d.co.uk/software.php'...
[19:30:20] [INFO] Fiddling around with URL...
[19:30:20] [OUT] Inspecting URL 'http://eco3d.co.uk/news.php'...
[19:30:20] [INFO] Fiddling around with URL...
[19:30:21] [OUT] Inspecting URL 'http://eco3d.co.uk/videos.php'...
[19:30:21] [INFO] Fiddling around with URL...
[19:30:22] [OUT] Inspecting URL 'http://eco3d.co.uk/downloads.php'...
[19:30:22] [INFO] Fiddling around with URL...
[19:30:22] [OUT] Inspecting URL 'http://eco3d.co.uk/library/index.php'...
[19:30:22] [INFO] Fiddling around with URL...
[19:30:23] [OUT] Inspecting URL 'http://eco3d.co.uk/contact.php'...
[19:30:23] [INFO] Fiddling around with URL...
[19:30:24] [OUT] Inspecting URL 'http://eco3d.co.uk/sitemap.php'...
[19:30:24] [INFO] Fiddling around with URL...
AutoAwesome is done.
ProxyChains-3.1 (http://proxychains.sf.net)
fimap v.1.00_svn (My life for Aiur)
:: Automatic LFI/RFI scanner and exploiter
:: by Iman Karim (fimap.dev@gmail.com)

AutoAwesome mode engaging URL 'http://eco3d.co.uk'...
Requesting 'http://eco3d.co.uk'...
Cookies retrieved. Using them for further requests.
Testing file inclusion against given cookies...
[19:32:18] [OUT] Inspecting URL 'http://eco3d.co.uk'...
[19:32:18] [INFO] Fiddling around with URL...
Starting harvester engine to get links (Depth: 0)...
Harvesting done. 10 links found. Analyzing links now...
[19:32:19] [OUT] Inspecting URL 'http://eco3d.co.uk/index.php'...
[19:32:19] [INFO] Fiddling around with URL...
[19:32:20] [OUT] Inspecting URL 'http://eco3d.co.uk/help_list.php'...
[19:32:20] [INFO] Fiddling around with URL...
[19:32:20] [OUT] Inspecting URL 'http://eco3d.co.uk/signin.php?ref=/index.php'...
[19:32:20] [INFO] Fiddling around with URL...
[19:32:21] [OUT] Inspecting URL 'http://eco3d.co.uk/software.php'...
[19:32:21] [INFO] Fiddling around with URL...
[19:32:21] [OUT] Inspecting URL 'http://eco3d.co.uk/news.php'...
[19:32:21] [INFO] Fiddling around with URL...
[19:32:22] [OUT] Inspecting URL 'http://eco3d.co.uk/videos.php'...
[19:32:22] [INFO] Fiddling around with URL...
[19:32:22] [OUT] Inspecting URL 'http://eco3d.co.uk/downloads.php'...
[19:32:22] [INFO] Fiddling around with URL...
[19:32:23] [OUT] Inspecting URL 'http://eco3d.co.uk/library/index.php'...
[19:32:23] [INFO] Fiddling around with URL...
[19:32:23] [OUT] Inspecting URL 'http://eco3d.co.uk/contact.php'...
[19:32:23] [INFO] Fiddling around with URL...
[19:32:24] [OUT] Inspecting URL 'http://eco3d.co.uk/sitemap.php'...
[19:32:24] [INFO] Fiddling around with URL...
AutoAwesome is done.
ProxyChains-3.1 (http://proxychains.sf.net)
fimap v.1.00_svn (My life for Aiur)
:: Automatic LFI/RFI scanner and exploiter
:: by Iman Karim (fimap.dev@gmail.com)

AutoAwesome mode engaging URL 'http://eco3d.co.uk'...
Requesting 'http://eco3d.co.uk'...
Cookies retrieved. Using them for further requests.
Testing file inclusion against given cookies...
[19:32:25] [OUT] Inspecting URL 'http://eco3d.co.uk'...
[19:32:25] [INFO] Fiddling around with URL...
Starting harvester engine to get links (Depth: 0)...
Harvesting done. 10 links found. Analyzing links now...
[19:32:26] [OUT] Inspecting URL 'http://eco3d.co.uk/index.php'...
[19:32:26] [INFO] Fiddling around with URL...
[19:32:27] [OUT] Inspecting URL 'http://eco3d.co.uk/help_list.php'...
[19:32:27] [INFO] Fiddling around with URL...
[19:32:27] [OUT] Inspecting URL 'http://eco3d.co.uk/signin.php?ref=/index.php'...
[19:32:27] [INFO] Fiddling around with URL...
[19:32:28] [OUT] Inspecting URL 'http://eco3d.co.uk/software.php'...
[19:32:28] [INFO] Fiddling around with URL...
[19:32:28] [OUT] Inspecting URL 'http://eco3d.co.uk/news.php'...
[19:32:28] [INFO] Fiddling around with URL...
[19:32:29] [OUT] Inspecting URL 'http://eco3d.co.uk/videos.php'...
[19:32:29] [INFO] Fiddling around with URL...
[19:32:29] [OUT] Inspecting URL 'http://eco3d.co.uk/downloads.php'...
[19:32:29] [INFO] Fiddling around with URL...
[19:32:30] [OUT] Inspecting URL 'http://eco3d.co.uk/library/index.php'...
[19:32:30] [INFO] Fiddling around with URL...
[19:32:30] [OUT] Inspecting URL 'http://eco3d.co.uk/contact.php'...
[19:32:30] [INFO] Fiddling around with URL...
[19:32:31] [OUT] Inspecting URL 'http://eco3d.co.uk/sitemap.php'...
[19:32:31] [INFO] Fiddling around with URL...
AutoAwesome is done.
