/includes/header.php?systempath=
/Gallery/displayCategory.php?basepath=
/index.inc.php?PATH_Includes=
/nphp/nphpd.php?nphp_config[LangFile]=
/include/db.php?GLOBALS[rootdp]=
/ashnews.php?pathtoashnews=
/ashheadlines.php?pathtoashnews=
/modules/xgallery/upgrade_album.php?GALLERY_BASEDIR=
/demo/includes/init.php?user_inc=
/jaf/index.php?show=
/inc/shows.inc.php?cutepath=
/poll/admin/common.inc.php?base_path=
/pollvote/pollvote.php?pollname=
/sources/post.php?fil_config=
/modules/My_eGallery/public/displayCategory.php?basepath=
/bb_lib/checkdb.inc.php?libpach=
/include/livre_include.php?no_connect=lol&chem_absolu=
/index.php?from_market=Y&pageurl=
/modules/mod_mainmenu.php?mosConfig_absolute_path=
/pivot/modules/module_db.php?pivot_path=
/modules/4nAlbum/public/displayCategory.php?basepath=
/derniers_commentaires.php?rep=
/modules/coppermine/themes/default/theme.php?THEME_DIR=
/modules/coppermine/include/init.inc.php?CPG_M_DIR=
/modules/coppermine/themes/coppercop/theme.php?THEME_DIR=
/coppermine/themes/maze/theme.php?THEME_DIR=
/allmylinks/include/footer.inc.php?_AMLconfig[cfg_serverpath]=
/allmylinks/include/info.inc.php?_AMVconfig[cfg_serverpath]=
/myPHPCalendar/admin.php?cal_dir=
/agendax/addevent.inc.php?agendax_path=
/modules/mod_mainmenu.php?mosConfig_absolute_path=
/modules/xoopsgallery/upgrade_album.php?GALLERY_BASEDIR=
/main.php?page=
/default.php?page=
/index.php?action=
/index1.php?p=
/index2.php?x=
/index2.php?content=
/index.php?conteudo=
/index.php?cat=
/include/new-visitor.inc.php?lvc_include_dir=
/modules/agendax/addevent.inc.php?agendax_path=
/shoutbox/expanded.php?conf=
/modules/xgallery/upgrade_album.php?GALLERY_BASEDIR=
/pivot/modules/module_db.php?pivot_path=
/library/editor/editor.php?root=
/library/lib.php?root=
/e107/e107_handlers/secure_img_render.php?p=
/zentrack/index.php?configFile=
/main.php?x=
/becommunity/community/index.php?pageurl=
/GradeMap/index.php?page=