inurl:/wp-content/plugins/front-end-upload/
inurl:/wp-content/plugins/omni-secure-files/
inurl:/wp-content/plugins/rbxgallery/
inurl:/wp-content/plugins/wpstorecart/
inurl:/wp-content/plugins/wp-easy-gallery/
inurl:/wp-content/plugins/front-file-manager/
inurl:/wp-content/plugins/html5avmanager/
inurl:/wp-content/plugins/store-locator-le/
inurl:/wp-content/plugins/wp-property/
inurl:/wp-content/plugins/HT-Poi/
inurl:/wp-content/plugins/nmedia-user-file-uploader/
inurl:/wp-content/plugins/foxypress/
inurl:/wp-content/plugins/comment-extra-field/
inurl:/wp-content/plugins/asset-manager/
inurl:/wp-content/plugins/wordpress-member-private-conversation/
inurl:/wp-content/plugins/gallery-plugin/
inurl:/wp-content/plugins/fcchat/
inurl:/wp-content/plugins/font-uploader/
inurl:/wp-content/plugins/mm-forms-community/
inurl:/wp-content/plugins/videowhisper-video-presentation/
inurl:/wp-content/plugins/hungred-post-thumbnail/
inurl:/wp-content/plugins/pdw-file-browser/
inurl:/wp-content/plugins/picturesurf-gallery/
inurl:/wp-content/plugins/allwebmenus-wordpress-menu-plugin/actions.php
inurl:/wp-content/plugins/custom-content-type-manager/
inurl:/wp-content/plugins/user-****/framework/helper/
inurl:/wp-content/plugins/pica-photo-gallery/
inurl:/wp-content/plugins/drag-drop-file-uploader/
inurl:/module_fichier/upload/upload_filemanager.php
inurl:/modules/filemanager/xupload.php
inurl:/wp-content/plugins/videowhisper-video-conference-integration/
inurl:/medya/easyflashuploader/swfs/
inurl:/wp-content/plugins/auctionPlugin/
inurl:/modules/mod_jfancy/
inurl:/modules/mod_artuploader/
inurl:/wp-content/plugins/contus-hd-flv-player/
inurl:/wp-content/plugins/contus-video-galleryversion-10/
inurl:/wp-content/plugins/annonces/admin/
inurl:/wp-content/plugins/evarisk/
inurl:/wp-content/plugins/invit0r/
inurl:/wp-content/plugins/zingiri-web-shop/
inurl:/modules / mod_dionefileuploader/
inurl:/wp-content/themes/deep-blue/
inurl:/wp-content/plugins/lim4wp/
inurl:/wp-content/themes/famous/
inurl:/wp-content/plugins/https://howucan.gr/
inurl:/wp-content/plugins/lb-mixed-slideshow/
inurl:/wp-content/themes/TheStyle/
inurl:/wp-content/themes/nool/
inurl:/wp-content/themes/PersonalPress/
inurl:/wp-content/themes/SimplePress/
inurl:/wp-content/themes/DeepFocus/
inurl:/wp-content/themes/DelicateNews/
inurl:/wp-content/themes/Bold/
inurl:/wp-content/themes/eStore/
inurl:/wp-content/themes/TheProfessional/
inurl:/wp-content/themes/OnTheGo/
inurl:/wp-content/themes/AskIt/
inurl:/wp-content/themes/Nova/https://howucan.gr/
inurl:/wp-content/themes/eNews/
inurl:/wpp-content/themes/eVid/
inurl:/wp-content/themes/TheCorporation/
inurl:/wp-content/themes/Minimal/
inurl:/wp-content/themes/Polished/
inurl:/wp-content/themes/MyResume/
inurl:/wp-content/themes/TheSource/
inurl:/wp-content/themes/StudioBlue/
inurl:/wp-content/themes/Wooden/
inurl:/wp-content/themes/WhosWho/
inurl:/wp-content/themes/Quadro/
inurl:/wp-content/themes/Glow/
inurl:/wp-content/themes/Modest/
inurl:/wp-content/themes/Aggregate/
inurl:/wp-content/themes/ArtSee/
inurl:/wp-content/themes/versatile/
inurl:/wp-content/themes/omni-shop/
inurl:/wp-content/themes/manifesto/scripts
inurl:/wp-content/themes/arthem-mod/scripts
inurl:/wp-content/themes/echoes/
inurl:/wp-content/themes/Bold4/
inurl:/wp-content/themes/primely-theme/scripts
inurl:/wp-content/themes/zenkoreviewRD/scripts
inurl:/wp-content/themes/ElegantEstate/
inurl:/wp-content/themes/PersonalPress2/
inurl:/wp-content/themes/mypage/scripts
inurl:/wp-content/themes/magazinum/scripts
inurl:/wp-content/themes/pbv_multi/scripts
inurl:/wp-content/themes/photofeature/scripts
inurl:/wp-content/themes/ColdStone/
inurl:/wp-content/themes/HMDeepFocus/
inurl:/wp-content/themes/EarthlyTouch/
inurl:/wp-content/themes/Boutique/
inurl:/wp-content/themes/ePhoto/
inurl:/wp-content/themes/PureType/
inurl:/wp-content/themes/13Floor/
inurl:/wp-content/themes/BusinessCard/
inurl:/wp-content/themes/CherryTruffle/
inurl:/wp-content/themes/Cion/
inurl:/wp-content/themes/DailyNotes/
inurl:/wp-content/themes/eGallery/
inurl:/wp-content/themes/eGamer/
inurl:/wp-content/themes/GrungeMag/
inurl:/wp-content/themes/Influx/
inurl:/wp-content/themes/LightBright/
inurl:/wp-content/themes/LightSource/
inurl:/wp-content/themes/Magnificent/
inurl:/wp-content/themes/Memoir/
inurl:/wp-content/themes/AskIt_v1.6/AskIt/
inurl:/wp-content/themes/TidalForce/
inurl:/wp-content/themes/Atlantis/
inurl:/wp-content/themes/DelicateNewsYellow/
inurl:/wp-content/themes/themorningafter/
inurl:/wp-content/themes/arthemia-premium/scripts
inurl:/wp-content/themes/arthemia/scripts
inurl:/wp-content/themes/arthemia-premium-park/scripts
inurl:/wp-content/plugins/https://howucan.gr/
inurl:/wp-content/themes/linepress/
inurl:/wp-content/themes/wedding/
inurl:/wp-content/themes/graduate/
inurl:/wp-content/themes/wp-newspaper/
inurl:/wp-content/themes/advanced-newspaper/
inurl:/wp-content/themes/journey/
inurl:/wp-content/themes/newspro/
inurl:/wp-content/themes/transcript/
inurl:/wp-content/themes/showfolio/
inurl:/wp-content/themes/quickstart/
inurl:/wp-content/themes/Restorante/
inurl:/wp-content/themes/snapwire/
inurl:/wp-content/themes/aqua-blue/includes
inurl:/wp-content/themes/swatch/functions
inurl:/wp-content/themes/announcement/functions
inurl:/wp-content/themes/empire/functions
inurl:/wp-content/themes/supportpress/functions
inurl:/wp-content/themes/editorial/functions
inurl:/wp-content/themes/statua/functions
inurl:/wp-content/themes/briefed/functions
inurl:/wp-content/themes/faultpress/functions
inurl:/wp-content/themes/kaboodle/functions
inurl:/wp-content/themes/savinggrace/functions
inurl:/wp-content/themes/premiere/functions
inurl:/wp-content/themes/simplicity/functions
inurl:/wp-content/themes/deliciousmagazine/functions
inurl:/wp-content/themes/canvas-buddypress/functions
inurl:/wp-content/themes/bookclub/functions
inurl:/wp-content/themes/boldnews/functions
inurl:/wp-content/themes/placeholder/functions
inurl:/wp-content/themes/biznizz/functions
inurl:/wp-content/themes/auld/functions
inurl:/wp-content/themes/listings/functions
inurl:/wp-content/themes/elefolio/functions
inurl:/wp-content/themes/chapters/functions
inurl:/wp-content/themes/continuum/functions
inurl:/wp-content/themes/diner/functions
inurl:/wp-content/themes/skeptical/functions
inurl:/wp-content/themes/caffeinated/functions
inurl:/wp-content/themes/crisp/functions
inurl:/wp-content/themes/sealight/functions
inurl:/wp-content/themes/unite/functions
inurl:/wp-content/themes/estate/functions
inurl:/wp-content/themes/tma/functions
inurl:/wp-content/themes/coda/functions
inurl:/wp-content/themes/inspire/functions
inurl:/wp-content/themes/apz/functions
inurl:/wp-content/themes/spectrum/functions
inurl:/wp-content/themes/diarise/functions
inurl:/wp-content/themes/boast/functions
inurl:/wp-content/themes/retreat/functions
inurl:/wp-content/themes/cityguide/functions
inurl:/wp-content/themes/cinch/functions
inurl:/wp-content/themes/slanted/functions
inurl:/wp-content/plugins/https://howucan.gr/
inurl:/wp-content/themes/canvas/functions
inurl:/wp-content/themes/postcard/functions
inurl:/wp-content/themes/delegate/functions
inurl:/wp-content/themes/mystream/functions
inurl:/wp-content/themes/optimize/functions
inurl:/wp-content/themes/backstage/functions
inurl:/wp-content/themes/sophisticatedfolio/functions
inurl:/wp-content/themes/bueno/functions
inurl:/wp-content/themes/digitalfarm/functions
inurl:/wp-content/themes/headlines/functions
inurl:/wp-content/themes/f0101/functions
inurl:/wp-content/themes/royalle/functions
inurl:/wp-content/themes/exposure/functions
inurl:/wp-content/themes/rockstar/functions
inurl:/wp-content/themes/dailyedition/functions
inurl:/wp-content/themes/object/functions
inurl:/wp-content/themes/antisocial/functions
inurl:/wp-content/themes/coffeebreak/functions
inurl:/wp-content/themes/mortar/functions
inurl:/wp-content/themes/bigeasy/functions
inurl:/wp-content/themes/groovyphoto/functions
inurl:/wp-content/themes/groovyblog/functions
inurl:/wp-content/themes/mainstream/functions
inurl:/wp-content/themes/featurepitch/functions
inurl:/wp-content/themes/suitandtie/functions
inurl:/wp-content/themes/thejournal/functions
inurl:/wp-content/themes/myweblog/functions
inurl:/wp-content/themes/aperture/functions
inurl:/wp-content/themes/****morphosis/functions
inurl:/wp-content/themes/bloggingstream/functions
inurl:/wp-content/themes/thestation/functions
inurl:/wp-content/themes/groovyvideo/functions
inurl:/wp-content/themes/productum/functions
inurl:/wp-content/themes/newsport/functions
inurl:/wp-content/themes/irresistible/functions
inurl:/wp-content/themes/cushy/functions
inurl:/wp-content/themes/wootube/functions
inurl:/wp-content/themes/forewordthinking/functions
inurl:/wp-content/themes/geometric/functions
inurl:/wp-content/themes/abstract/functions
inurl:/wp-content/themes/busybee/functions
inurl:/wp-content/themes/blogtheme/functions
inurl:/wp-content/themes/gothamnews/functions
inurl:/wp-content/themes/thick/functions
inurl:/wp-content/themes/typebased/functions
inurl:/wp-content/themes/overeasy/functions
inurl:/wp-content/themes/ambience/functions
inurl:/wp-content/themes/snapshot/functions
inurl:/wp-content/themes/openair/functions
inurl:/wp-content/themes/freshfolio/functions
inurl:/wp-content/themes/papercut/functions
inurl:/wp-content/themes/proudfolio/functions
inurl:/wp-content/themes/vibrantcms/functions
inurl:/wp-content/themes/freshnews/functions
inurl:/wp-content/themes/livewire/functions
inurl:/wp-content/themes/gazette/functions
inurl:/wp-content/themes/flashnews/functions
inurl:/wp-content/themes/premiumnews/functions
inurl:/wp-content/themes/newspress/functions
inurl:/wp-content/themes/8q/scripts
inurl:/wp-content/themes/aerial/lib/
inurl:/wp-content/themes/aesthete/
inurl:/wp-content/themes/albizia/includes
inurl:/wp-content/themes/amphion-lite/
inurl:/wp-content/themes/aranovo/scripts
inurl:/wp-content/themes/arras/library/
inurl:/wp-content/themes/arras-theme/library/
inurl:/wp-content/themes/arthemix-bronze/scripts
inurl:/wp-content/themes/artisan/includes
inurl:/wp-content/themes/arthemix-green/scripts
inurl:/wp-content/themes/a-simple-business-theme/scripts
inurl:/wp-content/themes/a-supercms
inurl:/wp-content/themes/aureola/scripts
inurl:/wp-content/themes/aurorae/
inurl:/wp-content/themes/autofashion/
inurl:/wp-content/themes/automotive-blog-theme/
inurl:/wp-content/themes/bikes/
inurl:/wp-content/themes/automotive-blog-theme/
inurl:/wp-content/themes/black_eve/
inurl:/wp-content/themes/blex/scripts
inurl:/wp-content/themes/bloggnorge-a1/scripts
inurl:/wp-content/themes/blogified/
inurl:/wp-content/themes/blue-corporate-hyve-theme/
inurl:/wp-content/themes/bluemag/library/
inurl:/wp-content/themes/blue-news/scripts
inurl:/wp-content/themes/bombax/includes
inurl:/wp-content/themes/breakingnewz/
inurl:/wp-content/themes/brightsky/scripts
inurl:/wp-content/themes/brochure-melbourne/includes
inurl:/wp-content/themes/business-turnkey/assets/
inurl:/wp-content/themes/calotropis/includes
inurl:/wp-content/themes/coffee-lite/
inurl:/wp-content/themes/comet/scripts
inurl:/wp-content/themes/conceditor-wp-strict/scripts
inurl:/wp-content/themes/constructor/layouts
inurl:/wp-content/themes/constructor/libs
inurl:/wp-content/themes/constructor/
inurl:/wp-content/themes/coverht-wp/scripts
inurl:/wp-content/themes/cover-wp/scripts
inurl:/wp-content/themes/dark-dream-media/
inurl:/wp-content/themes/deep-blue/
inurl:/wp-content/themes/delicate
inurl:/wp-content/themes/diamond-ray/
inurl:/wp-content/themes/dieselclothings
inurl:/wp-content/themes/digitalblue/
inurl:/wp-content/themes/dimenzion/
inurl:/wp-content/themes/epione/script/
inurl:/wp-content/themes/evr-green/scripts
inurl:/wp-content/themes/famous/megaframe/megapanel/
inurl:/wp-content/themes/famous
inurl:/wp-content/themes/fashion-style/
inurl:/wp-content/themes/featuring/
inurl:/wp-content/themes/fliphoto/
inurl:/wp-content/themes/flix/
inurl:/wp-content/themes/fordreporter/scripts
inurl:/wp-content/themes/freeside/
inurl:/wp-content/themes/fresh-blu/scripts
inurl:/wp-content/themes/go-green/modules
inurl:/wp-content/themes/granite-lite/scripts
inurl:/wp-content/themes/greydove/
inurl:/wp-content/themes/greyzed/functions/efrog/lib/
inurl:/wp-content/themes/gunungkidul/
inurl:/wp-content/themes/heartspotting-beta/
inurl:/wp-content/themes/heli-1-wordpress-theme/images
inurl:/wp-content/themes/ideatheme/
inurl:/wp-content/themes/impressio/timthumb/
inurl:/wp-content/themes/introvert/
inurl:/wp-content/themes/inuit-types
inurl:/wp-content/themes/isotherm-news/
inurl:/wp-content/themes/iwana-v10/
inurl:/wp-content/themes/jambo/
inurl:/wp-content/themes/jcblackone/
inurl:/wp-content/themes/kratalistic
inurl:/wp-content/themes/life-style-free/
inurl:/wp-content/themes/likehacker/
inurl:/wp-content/themes/litepress/scripts
inurl:/wp-content/themes/loganpress-premium-theme-1/
inurl:/wp-content/themes/magazine-basic/
inurl:/wp-content/themes/magup/
inurl:/wp-content/themes/make-money-online-theme-1/scripts
inurl:/wp-content/themes/make-money-online-theme-2/scripts
inurl:/wp-content/themes/make-money-online-theme-3/scripts
inurl:/wp-content/themes/make-money-online-theme-4/scripts
inurl:/wp-content/themes/make-money-online-theme/scripts
inurl:/wp-content/themes/meintest/layouts
inurl:/wp-content/themes/mobilephonecomparision/
inurl:/wp-content/themes/moi-magazine/
inurl:/wp-content/themes/my-heli/images
inurl:/wp-content/themes/mymag/
inurl:/wp-content/themes/mystique/extensions/auto-thumb/
inurl:/wp-content/themes/nash/theme-assets/php/
inurl:/wp-content/themes/neofresh/
inurl:/wp-content/themes/neo_wdl/includes/extensions
inurl:/wp-content/themes/new-green-natural-living-ngnl/scripts
inurl:/wp-content/themes/newspress/
inurl:/wp-content/themes/pearlie/scripts
inurl:/wp-content/themes/pico/scripts
inurl:/wp-content/themes/postage-sydney/includes
inurl:/wp-content/themes/premium-violet/
inurl:/wp-content/themes/probluezine/
inurl:/wp-content/themes/pronto/cjl/pronto/uploadify/check.php
inurl:/wp-content/themes/pronto/cjl/pronto/uploadify/uploadify.php
inurl:/wp-content/themes/r755/
inurl:/wp-content/themes/regal/
inurl:/wp-content/themes/shaan/
inurl:/wp-content/themes/shadow-block/
inurl:/wp-content/themes/shadow/
inurl:/wp-content/themes/simple-but-great/
inurl:/wp-content/themes/simplenews_premium/scripts
inurl:/wp-content/themes/simple-red-theme/
inurl:/wp-content/themes/simple-tabloid/
inurl:/wp-content/themes/simplewhite/
inurl:/wp-content/themes/slidette/timThumb/
inurl:/wp-content/themes/snowblind_colbert/
inurl:/wp-content/themes/snowblind/
inurl:/wp-content/themes/spotlight/
inurl:/wp-content/themes/squeezepage/
inurl:/wp-content/themes/standout/
inurl:/wp-content/themes/suffusion/
inurl:/wp-content/themes/swift/includes
inurl:/wp-content/themes/swift/includes
inurl:/wp-content/themes/swift/
inurl:/wp-content/themes/techozoic-fluid/options
inurl:/wp-content/themes/the_dark_os/tools/
inurl:/wp-content/themes/themetiger-fashion/
inurl:/wp-content/themes/theory/
inurl:/wp-content/themes/the-theme/core/libs/thumbnails
inurl:/wp-content/themes/thrillingtheme/
inurl:/wp-content/themes/tm-theme/
inurl:/wp-content/themes/totallyred/scripts
inurl:/wp-content/themes/travelogue-theme/scripts
inurl:/wp-content/themes/true-blue-theme/
inurl:/wp-content/themes/ttnews-theme/
inurl:/wp-content/themes/typographywp/
inurl:/wp-content/themes/ugly/
inurl:/wp-content/themes/unity/
inurl:/wp-content/themes/versitility/
inurl:/wp-content/themes/vibefolio-teaser-10/scripts
inurl:/wp-content/themes/vina/
inurl:/wp-content/themes/whitemag/script/
inurl:/wp-content/themes/wpapi/
inurl:/wp-content/themes/wpbus-d4/includes
inurl:/wp-content/themes/wp-creativix/scripts
inurl:/wp-content/themes/wp-newsmagazine/scripts
inurl:/wp-content/themes/wp-perfect/
inurl:/wp-content/themes/wp-premium-orange/
inurl:/wp-content/themes/xiando-one/
inurl:/wp-content/themes/zcool-like/
inurl:/wp-content/themes/zcool-like/uploadify.php
inurl:/wp-content/themes/twittplus/scripts
inurl:/wp-content/themes/OptimizePress/
inurl:/wp-content/themes/thedawn/lib/scripts/timthumb.php "thedawn"
inurl:/wp-content/themes/suffusion/timthumb.php "suffusion"
inurl:/wp-content/themes/Nyke/timthumb.php "Nyke"
inurl:/wp-content/themes/classifiedstheme/
inurl:/wp-content/themes/sportpress/scripts/timthumb.php
inurl:/wp-content/themes/eNews/
inurl:/wp-content/themes/Nova/
inurl:/wp-content/themes/sportpress/
inurl:/wp-content/plugins/https://howucan.gr/
inurl:/wp-content/themes/LightBright/
inurl:/wp-content/themes/Glider/
inurl:/wp-content/themes/Mystique/
inurl:/wp-content/plugins/uBillboard/
inurl:/wp-content/themes/wpuniversity/
inurl:/wp-content/themes/mypolylens/
inurl:/wp-content/themes/sakura/plugins/woo-tumblog/
inurl:/wp-content/themes/directorypress/
inurl:/wp-content/plugins/autofashion/
inurl:/wp-content/themes/WPFanPro2.0/
inurl:/wp-content/themes/versatile /
inurl:/wp-content/themes/classifiedstheme/
inurl:/wp-content/plugins/akismet/
inurl:/wp-content/gd-star-rating/
inurl:/wp-content/themes/Memoir/
inurl:/wp-content/themes/clockstone/
inurl:/wp-content/themes/mio/sp-framework/
inurl:/wp-content/themes/coda/
inurl:/wp-content/themes/OptimizePress/
inurl:/wp-content/plugins/wp-pagenavi/timthumb.php
inurl:/wp-content/themes/canvas/timthumb.php
inurl:/wp-content/themes/TheStyle/timthumb.php
inurl:/wp-content/plugins/wp-mobile-detector/timthumb.php
inurl:/wp-content/plugins/igit-related-posts-with-thumb-images-after-posts/timthumb.php
inurl:/wp-content/themes/Magnificent/timthumb.php
inurl:/wp-content/themes/freshnews/timthumb.php
inurl:/wp-content/themes/ElegantEstate/timthumb.php
inurl:/wp-content/themes/bueno/timthumb.php
inurl:/wp-content/themes/magazinum/scripts/timthumb.php
inurl:/wp-content/themes/sportpress/scripts/timthumb.php
inurl:/wp-content/themes/flashnews/timthumb.php
inurl:/wp-content/plugins/dukapress/lib/timthumb.php
inurl:/wp-content/plugins/shortcodes-ultimate/lib/timthumb.php
inurl:/wp-content/plugins/islidex/js/timthumb.php
inurl:/wp-content/plugins/highlighter/libs/timthumb.php
inurl:/wp-content/plugins/wordpress-gallery-plugin/timthumb.php
inurl:/wp-content/plugins/igit-posts-slider-widget/timthumb.php
inurl:/wp-content/themes/Magnificent/scripts/timthumb.php
inurl:/wp-content/themes/profitstheme_11/scripts/timthumb.php
inurl:/wp-content/themes/MyProduct/scripts/timthumb.php
inurl:/wp-content/themes/canvas/scripts/timthumb.php
inurl:/wp-content/themes/Glow/scripts/timthumb.php
inurl:/wp-content/themes/inspire/scripts/timthumb.php
inurl:/wp-content/themes/overeasy/scripts/timthumb.php
inurl:/wp-content/themes/Nova/scripts/timthumb.php
inurl:/wp-content/themes/bueno/scripts/timthumb.php
inurl:/wp-content/themes/themorningafter/scripts/timthumb.php
inurl:/wp-content/themes/delegate/scripts/timthumb.php
inurl:/wp-content/themes/Bold/scripts/timthumb.php
inurl:/wp-content/themes/eVid/scripts/timthumb.php
inurl:/wp-content/themes/Apz/scripts/timthumb.php
inurl:/wp-content/themes/redcarpet/scripts/timthumb.php
inurl:/wp-content/themes/irresistible/scripts/timthumb.php
inurl:/wp-content/themes/OnTheGo/scripts/timthumb.php
inurl:/wp-content/themes/max-3.0.0/scripts/timthumb.php
inurl:/wp-content/themes/newsworld/scripts/timthumb.php
inurl:/wp-content/themes/ColdStone/scripts/timthumb.php
inurl:/wp-content/themes/Chameleon/scripts/timthumb.php
inurl:/wp-content/themes/Polished/scripts/timthumb.php
inurl:/wp-content/themes/sealight/scripts/timthumb.php
inurl:/wp-content/themes/newsworld-1.0.0/scripts/timthumb.php
inurl:/wp-content/themes/postcard/scripts/timthumb.php
inurl:/wp-content/themes/Quadro/scripts/timthumb.php
inurl:/wp-content/themes/aqua-blue/scripts/timthumb.php
inurl:/wp-content/themes/wootube/scripts/timthumb.php
inurl:/wp-content/themes/deep-blue/scripts/timthumb.php
inurl:/wp-content/themes/flashnews/scripts/timthumb.php
inurl:/wp-content/themes/sportpress/scripts/timthumb.php
inurl:/wp-content/themes/coffeebreak/scripts/timthumb.php
inurl:/wp-content/themes/mymag/scripts/timthumb.php
inurl:/wp-content/themes/magazinum/scripts/timthumb.php
inurl:/wp-content/themes/wp-creativix/scripts/timthumb.php
inurl:/wp-content/themes/PureType/scripts/timthumb.php
inurl:/wp-content/themes/cityguide/scripts/timthumb.php
inurl:/wp-content/themes/cinch/scripts/timthumb.php
inurl:/wp-content/themes/backstage/scripts/timthumb.php
inurl:/wp-content/themes/profitstheme/scripts/timthumb.php
inurl:/wp-content/themes/diarise/scripts/timthumb.php
inurl:/wp-content/themes/ElegantEstate/scripts/timthumb.php
inurl:/wp-content/themes/digitalfarm/scripts/timthumb.php
inurl:/wp-content/themes/mystream/scripts/timthumb.php
inurl:/wp-content/themes/object/scripts/timthumb.php
inurl:/wp-content/themes/nomadic/scripts/timthumb.php
inurl:/wp-content/themes/comfy-3.0.9/scripts/timthumb.php
inurl:/wp-content/themes/****morphosis/scripts/timthumb.php
inurl:/wp-content/themes/retreat/scripts/timthumb.php
inurl:/wp-content/themes/royalle/scripts/timthumb.php
inurl:/wp-content/themes/openair/scripts/timthumb.php
inurl:/wp-content/themes/thejournal/scripts/timthumb.php
inurl:/wp-content/themes/PersonalPress/scripts/timthumb.php
inurl:/wp-content/themes/slanted/scripts/timthumb.php
inurl:/wp-content/themes/sophisticatedfolio/scripts/timthumb.php
inurl:/wp-content/themes/TheStyle/scripts/timthumb.php
inurl:/wp-content/themes/canvas/timthumb.php
inurl:/wp-content/themes/TheSource/scripts/timthumb.php
inurl:/wp-content/themes/Minimal/scripts/timthumb.php
inurl:/wp-content/themes/typebased/scripts/timthumb.php
inurl:/wp-content/themes/thestation/scripts/timthumb.php
inurl:/wp-content/themes/bueno/timthumb.php
inurl:/wp-content/themes/headlines/scripts/timthumb.php
inurl:/wp-content/themes/inspire/timthumb.php
inurl:/wp-content/themes/OptimizePress/timthumb.php
inurl:/wp-content/themes/sealight/timthumb.php
inurl:/wp-content/themes/SimplePress/timthumb.php
inurl:/wp-content/themes/modularity/timthumb.php
inurl:/wp-content/themes/AskIt/timthumb.php
inurl:/wp-content/themes/headlines/timthumb.php
inurl:/wp-content/themes/busybee/timthumb.php
inurl:/wp-content/themes/diarise/timthumb.php
inurl:/wp-content/themes/Glow/timthumb.php
inurl:/wp-content/themes/gazette/timthumb.php
inurl:/wp-content/themes/PersonalPress/timthumb.php
inurl:/wp-content/themes/delicate/timthumb.php
inurl:/wp-content/themes/premiumnews/timthumb.php
inurl:/wp-content/themes/Nova/timthumb.php
inurl:/wp-content/themes/overeasy/timthumb.php
inurl:/wp-content/themes/spectrum/timthumb.php
inurl:/wp-content/themes/delegate/timthumb.php
inurl:/wp-content/themes/PureType/timthumb.php
inurl:/wp-content/themes/skeptical/timthumb.php
inurl:/wp-content/themes/TheSource/timthumb.php
inurl:/wp-content/themes/typebased/timthumb.php
inurl:/wp-content/themes/TheCorporation/timthumb.php
inurl:/wp-content/themes/cityguide/timthumb.php
inurl:/wp-content/themes/Minimal/timthumb.php
inurl:/wp-content/themes/profitstheme/timthumb.php
inurl:/wp-content/themes/crisp/timthumb.php
inurl:/wp-content/themes/snapshot/timthumb.php
inurl:/wp-content/themes/Apz/timthumb.php
inurl:/wp-content/themes/ColdStone/timthumb.php
inurl:/wp-content/themes/Bold/timthumb.php
inurl:/wp-content/themes/13floor/timthumb.php
inurl:/wp-content/themes/OnTheGo/timthumb.php
inurl:/wp-content/themes/redcarpet/timthumb.php
inurl:/wp-content/themes/Chameleon/timthumb.php
inurl:/wp-content/themes/irresistible/timthumb.php
inurl:/wp-content/themes/eVid/timthumb.php
inurl:/wp-content/themes/max-3.0.0/timthumb.php
inurl:/wp-content/themes/newsworld/timthumb.php
inurl:/wp-content/themes/newsworld-1.0.0/timthumb.php
inurl:/wp-content/themes/comfy-3.0.9/timthumb.php
inurl:/wp-content/themes/eNews/timthumb.php
inurl:/wp-content/themes/flashnews/timthumb.php
inurl:/wp-content/themes/magazinum/timthumb.php
inurl:/wp-content/themes/mymag/timthumb.php
inurl:/wp-content/themes/sportpress/timthumb.php
inurl:/wp-content/themes/postcard/timthumb.php
inurl:/wp-content/themes/mimbopro/timthumb.php
inurl:/wp-content/themes/themorningafter/timthumb.php
inurl:/wp-content/themes/MyProduct/timthumb.php
inurl:/wp-content/themes/cinch/timthumb.php
inurl:/wp-content/themes/dailyedition/timthumb.php
inurl:/wp-content/themes/coffeebreak/timthumb.php
inurl:/wp-content/themes/digitalfarm/timthumb.php
inurl:/wp-content/themes/ElegantEstate/timthumb.php
inurl:/wp-content/themes/mystream/timthumb.php
inurl:/wp-content/themes/nomadic/timthumb.php
inurl:/wp-content/themes/openair/timthumb.php
inurl:/wp-content/themes/LightBright/timthumb.php
inurl:/wp-content/themes/wootube/timthumb.php
inurl:/wp-content/themes/Quadro/timthumb.php
inurl:/wp-content/themes/sophisticatedfolio/timthumb.php
inurl:/wp-content/themes/slanted/timthumb.php
inurl:/wp-content/themes/thejournal/timthumb.php
inurl:/wp-content/themes/thestation/timthumb.php
inurl:/wp-content/themes/Basic/timthumb.php
inurl:/wp-content/themes/royalle/timthumb.php
inurl:/wp-content/themes/eGamer/timthumb.php
inurl:/wp-content/themes/****morphosis/timthumb.php
inurl:/wp-content/themes/object/timthumb.php
inurl:/wp-content/themes/wp-creativix/timthumb.php
inurl:/wp-content/themes/retreat/timthumb.php
inurl:/wp-content/themes/profitstheme_11/timthumb.php
inurl:/wp-content/themes/backstage/timthumb.php
inurl:/wp-content/themes/aqua-blue/timthumb.php
inurl:/wp-content/themes/deep-blue/timthumb.php
inurl:/wp-content/themes/premiumnews/scripts/timthumb.php
inurl:/wp-content/themes/sealight/tools/timthumb.php
inurl:/wp-content/themes/SimplePress/tools/timthumb.php
inurl:/wp-content/themes/wootube/tools/timthumb.php
inurl:/wp-content/themes/headlines/tools/timthumb.php
inurl:/wp-content/themes/typebased/tools/timthumb.php
inurl:/wp-content/themes/MyProduct/tools/timthumb.php
inurl:/wp-content/themes/inspire/tools/timthumb.php
inurl:/wp-content/themes/OptimizePress/tools/timthumb.php
inurl:/wp-content/themes/dailyedition/tools/timthumb.php
inurl:/wp-content/themes/PersonalPress/tools/timthumb.php
inurl:/wp-content/themes/delegate/tools/timthumb.php
inurl:/wp-content/themes/coffeebreak/tools/timthumb.php
inurl:/wp-content/themes/optimize/tools/timthumb.php
inurl:/wp-content/themes/AskIt/tools/timthumb.php
inurl:/wp-content/themes/PureType/tools/timthumb.php
inurl:/wp-content/themes/eNews/tools/timthumb.php
inurl:/wp-content/themes/modularity/tools/timthumb.php
inurl:/wp-content/themes/snapshot/tools/timthumb.php
inurl:/wp-content/themes/DeepFocus/tools/timthumb.php
inurl:/wp-content/themes/eVid/tools/timthumb.php
inurl:/wp-content/themes/deep-blue/tools/timthumb.php
inurl:/wp-content/themes/nomadic/tools/timthumb.php
inurl:/wp-content/themes/gazette/tools/timthumb.php
inurl:/wp-content/themes/TheStyle/tools/timthumb.php
inurl:/wp-content/themes/crisp/tools/timthumb.php
inurl:/wp-content/themes/Nova/tools/timthumb.php
inurl:/wp-content/themes/wp-creativix/tools/timthumb.php
inurl:/wp-content/themes/diarise/tools/timthumb.php
inurl:/wp-content/themes/Glow/tools/timthumb.php
inurl:/wp-content/themes/themorningafter/tools/timthumb.php
inurl:/wp-content/themes/OnTheGo/tools/timthumb.php
inurl:/wp-content/themes/irresistible/tools/timthumb.php
inurl:/wp-content/themes/Bold/tools/timthumb.php
inurl:/wp-content/themes/busybee/tools/timthumb.php
inurl:/wp-content/themes/Apz/tools/timthumb.php
inurl:/wp-content/themes/Polished/tools/timthumb.php
inurl:/wp-content/themes/postcard/tools/timthumb.php
inurl:/wp-content/themes/TheCorporation/tools/timthumb.php
inurl:/wp-content/themes/TheSource/tools/timthumb.php
inurl:/wp-content/themes/openair/tools/timthumb.php
inurl:/wp-content/themes/mymag/tools/timthumb.php
inurl:/wp-content/themes/cityguide/tools/timthumb.php
inurl:/wp-content/themes/object/tools/timthumb.php
inurl:/wp-content/themes/Magnificent/tools/timthumb.php
inurl:/wp-content/themes/13floor/tools/timthumb.php
inurl:/wp-content/themes/premiumnews/tools/timthumb.php
inurl:/wp-content/themes/ElegantEstate/tools/timthumb.php
inurl:/wp-content/themes/sportpress/tools/timthumb.php
inurl:/wp-content/themes/LightBright/tools/timthumb.php
inurl:/wp-content/themes/freshnews/tools/timthumb.php
inurl:/wp-content/themes/newsworld/tools/timthumb.php
inurl:/wp-content/themes/delicate/tools/timthumb.php
inurl:/wp-content/themes/spectrum/tools/timthumb.php
inurl:/wp-content/themes/backstage/tools/timthumb.php
inurl:/wp-content/themes/comfy-3.0.9/tools/timthumb.php
inurl:/wp-content/themes/Minimal/tools/timthumb.php
inurl:/wp-content/themes/overeasy/tools/timthumb.php
inurl:/wp-content/themes/mimbopro/tools/timthumb.php
inurl:/wp-content/themes/Chameleon/tools/timthumb.php
inurl:/wp-content/themes/skeptical/tools/timthumb.php
inurl:/wp-content/themes/ColdStone/tools/timthumb.php
inurl:/wp-content/themes/profitstheme/tools/timthumb.php
inurl:/wp-content/themes/profitstheme_11/tools/timthumb.php
inurl:/wp-content/themes/TheProfessional/tools/timthumb.php
inurl:/wp-content/themes/magazinum/tools/timthumb.php
inurl:/wp-content/themes/Basic/tools/timthumb.php
inurl:/wp-content/themes/flashnews/tools/timthumb.php
inurl:/wp-content/themes/cinch/tools/timthumb.php
inurl:/wp-content/themes/mystream/tools/timthumb.php
inurl:/wp-content/themes/Widescreen/tools/timthumb.php
inurl:/wp-content/themes/newsworld-1.0.0/tools/timthumb.php
inurl:/wp-content/themes/redcarpet/tools/timthumb.php
inurl:/wp-content/themes/eGamer/tools/timthumb.php
inurl:/wp-content/themes/****morphosis/tools/timthumb.php
inurl:/wp-content/themes/Quadro/tools/timthumb.php
inurl:/wp-content/themes/aqua-blue/tools/timthumb.php
inurl:/wp-content/themes/bueno/tools/timthumb.php
inurl:/wp-content/themes/canvas/tools/timthumb.php
inurl:/wp-content/themes/skeptical/scripts/timthumb.php
inurl:/wp-content/themes/max-3.0.0/tools/timthumb.php
inurl:/wp-content/plugins/wordpress-popular-posts/scripts/timthumb.php
inurl:/wp-content/plugins/simple-post-thumbnails/timthumb.php
inurl:/wp-content/plugins/zingiri-web-shop/fws/addons/timthumb/timthumb.php
inurl:/wp-content/plugins/wordpress-popular-posts/scripts/timthumb.php
inurl:/wp-content/plugins/simple-post-thumbnails/timthumb.php
inurl:/wp-content/plugins/zingiri-web-shop/fws/addons/timthumb/timthumb.php
inurl:/wp-content/plugins/wordpress-popular-posts/scripts/timthumb.php
inurl:/wp-content/plugins/simple-post-thumbnails/timthumb.php
inurl:/wp-content/plugins/zingiri-web-shop/fws/addons/timthumb/timthumb.php
inurl:/wp-content/plugins/wordpress-popular-posts/scripts/timthumb.php
inurl:/wp-content/plugins/simple-post-thumbnails/timthumb.php
inurl:/wp-content/plugins/zingiri-web-shop/fws/addons/timthumb/timthumb.php
inurl:/wp-content/plugins/wordpress-popular-posts/scripts/timthumb.php
inurl:/wp-content/plugins/simple-post-thumbnails/timthumb.php
inurl:/wp-content/plugins/zingiri-web-shop/fws/addons/timthumb/timthumb.php
inurl:/wp-content/plugins/feature-slideshow/timthumb.php
inurl:/wp-content/plugins/igit-related-posts-with-thumb-images-after-posts/timthumb.php
inurl:/wp-content/plugins/todo-espaco-online-links-felipe/timthumb.php
inurl:/wp-content/plugins/mediarss-external-gallery/timthumb.php
inurl:/wp-content/plugins/rent-a-car/libs/timthumb.php
inurl:/wp-content/plugins/vk-gallery/lib/timthumb.php
inurl:/wp-content/plugins/extend-wordpress/helpers/timthumb/image.php
inurl:/wp-content/plugins/pictmobi-widget/timthumb.php
inurl:/wp-content/plugins/category-list-portfolio-page/scripts/timthumb.php
inurl:/wp-content/plugins/simple-slide-show/timthumb.php
inurl:/wp-content/plugins/communitypress/cp-themes/cp-default/timthumb.php
inurl:/wp-content/plugins/kino-gallery/timthumb.php
inurl:/wp-content/plugins/mobileposty-mobile-site-generator/timthumb.php
inurl:/wp-content/plugins/thumbnails-anywhere/timthumb.php
inurl:/wp-content/plugins/yd-export2email/timthumb.php
inurl:/wp-content/plugins/wp-dailybooth/timthumb.php
inurl:/wp-content/plugins/image-rotator-widget/timthumb.php
inurl:/wp-content/plugins/dp-thumbnail/timthumb/timthumb.php
inurl:/wp-content/plugins/lisl-last-image-slider/timthumb.php
inurl:/wp-content/plugins/cac-featured-content/timthumb.php
inurl:/wp-content/plugins/image-symlinks/timthumb.php
inurl:/wp-content/plugins/add-new-default-avatar-emrikols-fork/includes/timthumb.php
inurl:/wp-content/plugins/kc-related-posts-by-category/timthumb.php
inurl:/wp-content/plugins/cms-pack/timthumb.php
inurl:/wp-content/plugins/tim-widget/scripts/timthumb.php
inurl:/wp-content/plugins/a-gallery/timthumb.php
inurl:/wp-content/plugins/igit-related-posts-widget/timthumb.php
inurl:/wp-content/plugins/wps3slider/scripts/timthumb.php
inurl:/wp-content/plugins/category-grid-view-gallery/includes/timthumb.php
inurl:/wp-content/plugins/logo-management/includes/timthumb.php
inurl:/wp-content/plugins/simple-coverflow/timthumb.php
inurl:/wp-content/plugins/smart-related-posts-thumbnails/timthumb.php
inurl:/wp-content/plugins/wptap-news-press-themeplugin-for-iphone/include/timthumb.php
inurl:/wp-content/plugins/igit-posts-slider-widget/timthumb.php
inurl:/wp-content/plugins/event-espresso-free/includes/functions/timthumb.php
inurl:/wp-content/plugins/fotoslide/timthumb.php
inurl:/wp-content/plugins/mangapress/includes/mangapress-timthumb.php
inurl:/wp-content/plugins/wp-marketplace/libs/timthumb.php
inurl:/wp-content/plugins/tag-gallery/timthumb/timthumb.php
inurl:/wp-content/plugins/wp-slick-slider/includes/timthumb/timthumb.php
inurl:/wp-content/plugins/sliceshow-slideshow/scripts/timthumb.php
inurl:/wp-content/plugins/hungred-image-fit/scripts/timthumb.php
inurl:/wp-content/plugins/sharepulse/timthumb.php
inurl:/wp-content/plugins/wordpress-thumbnail-slider/timthumb.php
inurl:/wp-content/plugins/thethe-image-slider/timthumb.php
inurl:/wp-content/plugins/mobile-smart/includes/timthumb.php
inurl:/wp-content/plugins/meenews-newsletter/inc/classes/timthumb.php
inurl:/wp-content/plugins/wordpress-news-ticker-plugin/timthumb.php
inurl:/wp-content/plugins/wordpress-gallery-plugin/timthumb.php
inurl:/wp-content/plugins/sh-slideshow/timthumb.php
inurl:/wp-content/plugins/db-toolkit/libs/timthumb.php
inurl:/wp-content/plugins/geotag/tools/timthumb/timthumb.php
inurl:/wp-content/plugins/jquery-slider-for-featured-content/scripts/timthumb.php
inurl:/wp-content/plugins/timthumb-meets-tinymce/ttplugin/timthumb.php
inurl:/wp-content/plugins/verve-****-boxes/tools/timthumb.php
inurl:/wp-content/plugins / seo -image-galleries/timthumb.php
inurl:/wp-content/plugins/islidex / js / timthumb.php
inurl:/wp-content/plugins/featured-post-with-thumbnail/scripts/timthumb.php
inurl:/wp-content/plugins/wp-featured-post-with-thumbnail/scripts/timthumb.php
inurl:/wp-content/plugins/wp-thumbie/https://howucan.gr/
inurl:/wp-content/plugins/dukapress/lib/timthumb.php
inurl:/wp-content/plugins/front-slider/scripts/timthumb.php
inurl:/wp-content/plugins/shortcodes-ultimate/lib/timthumb.php
inurl:/wp-content/plugins/vslider/timthumb.php
inurl:/wp-content/plugins/wp-mobile-detector/timthumb.php
inurl:/wp-content/plugins/yd-recent-posts-widget/timthumb/timthumb.php
inurl:/wp-content/plugins/zingiri-web-shop/fws/addons/timthumb/timthumb.php
inurl:/wp-content/plugins/simple-post-thumbnails/timthumb.php
inurl:/wp-content/plugins/wordpress-popular-posts/scripts/timthumb.php
inurl:/wp-content/themes/genoa/timthumb.php
inurl:/wp-content/plugins/feature-slideshow/timthumb.php
inurl:/wp-content/plugins/igit-related-posts-with-thumb-images-after-posts/timthumb.php
inurl:/wp-content/plugins/mediarss-external-gallery/timthumb.php
inurl:/wp-content/plugins/rent-a-car/libs/timthumb.php
inurl:/wp-content/plugins/vk-gallery/lib/timthumb.php
inurl:/wp-content/plugins/extend-wordpress/helpers/timthumb/image.php
inurl:/wp-content/plugins/pictmobi-widget/timthumb.php
inurl:/wp-content/plugins/category-list-portfolio-page/scripts/timthumb.php
inurl:/wp-content/plugins/simple-slide-show/timthumb.php
inurl:/wp-content/plugins/communitypress/cp-themes/cp-default/timthumb.php
inurl:/wp-content/plugins/kino-gallery/timthumb.php
inurl:/wp-content/plugins/mobileposty-mobile-site-generator/timthumb.php
inurl:/wp-content/plugins/thumbnails-anywhere/timthumb.php
inurl:/wp-content/plugins/yd-export2email/timthumb.php
inurl:/wp-content/plugins/wp-dailybooth/timthumb.php
inurl:/wp-content/plugins/image-rotator-widget/timthumb.php
inurl:/wp-content/plugins/dp-thumbnail/timthumb/timthumb.php
inurl:/wp-content/plugins/lisl-last-image-slider/timthumb.php
inurl:/wp-content/plugins/cac-featured-content/timthumb.php
inurl:/wp-content/plugins/image-symlinks/timthumb.php
inurl:/wp-content/plugins/add-new-default-avatar-emrikols-fork/includes/timthumb.php
inurl:/wp-content/plugins/kc-related-posts-by-category/timthumb.php
inurl:/wp-content/plugins/cms-pack/timthumb.php
inurl:/wp-content/plugins/tim-widget/scripts/timthumb.php
inurl:/wp-content/plugins/a-gallery/timthumb.php
inurl:/wp-content/plugins/igit-related-posts-widget/timthumb.php
inurl:/wp-content/plugins/wps3slider/scripts/timthumb.php
inurl:/wp-content/plugins/category-grid-view-gallery/includes/timthumb.php
inurl:/wp-content/plugins/logo-management/includes/timthumb.php
inurl:/wp-content/plugins/simple-coverflow/timthumb.php
inurl:/wp-content/plugins/smart-related-posts-thumbnails/timthumb.php
inurl:/wp-content/plugins/wptap-news-press-themeplugin-for-iphone/include/timthumb.php
inurl:/wp-content/plugins/igit-posts-slider-widget/timthumb.php
inurl:/wp-content/plugins/event-espresso-free/includes/functions/timthumb.php
inurl:/wp-content/plugins/fotoslide/timthumb.php
inurl:/wp-content/plugins/mangapress/includes/mangapress-timthumb.php
inurl:/wp-content/plugins/wp-marketplace/libs/timthumb.php
inurl:/wp-content/plugins/tag-gallery/timthumb/timthumb.php
inurl:/wp-content/plugins/wp-slick-slider/includes/timthumb/timthumb.php
inurl:/wp-content/plugins/sliceshow-slideshow/scripts/timthumb.php
inurl:/wp-content/plugins/hungred-image-fit/scripts/timthumb.php
inurl:/wp-content/plugins/sharepulse/timthumb.php
inurl:/wp-content/plugins/wordpress-thumbnail-slider/timthumb.php
inurl:/wp-content/plugins/thethe-image-slider/timthumb.php
inurl:/wp-content/plugins/mobile-smart/includes/timthumb.php
inurl:/wp-content/plugins/meenews-newsletter/inc/classes/timthumb.php
inurl:/wp-content/plugins/wordpress-news-ticker-plugin/timthumb.php
inurl:/wp-content/plugins/wordpress-gallery-plugin/timthumb.php
inurl:/wp-content/plugins/sh-slideshow/timthumb.php
inurl:/wp-content/plugins/db-toolkit/libs/timthumb.php
inurl:/wp-content/plugins/geotag/tools/timthumb/timthumb.php
inurl:/wp-content/plugins/jquery-slider-for-featured-content/scripts/timthumb.php
inurl:/wp-content/plugins/timthumb-meets-tinymce/ttplugin/timthumb.php
inurl:/wp-content/plugins/verve-****-boxes/tools/timthumb.php
inurl:/wp-content/plugins/seo-image-galleries/timthumb.php
inurl:/wp-content/plugins/islidex/js/timthumb.php
inurl:/wp-content/plugins/featured-post-with-thumbnail/scripts/timthumb.php
inurl:/wp-content/plugins/wp-featured-post-with-thumbnail/scripts/timthumb.php
inurl:/wp-content/plugins/wp-thumbie/timthumb.php;; 18755
inurl:/wp-content/plugins/dukapress/lib/timthumb.php
inurl:/wp-content/plugins/front-slider/scripts/timthumb.php
inurl:/wp-content/plugins/shortcodes-ultimate/lib/timthumb.php
inurl:/wp-content/plugins/vslider/timthumb.php
inurl:/wp-content/plugins/wp-mobile-detector/timthumb.php
inurl:/wp-content/plugins/yd-recent-posts-widget/timthumb/timthumb.php
inurl:/wp-content/plugins/zingiri-web-shop/fws/addons/timthumb/timthumb.php
inurl:/wp-content/plugins/simple-post-thumbnails/timthumb.php
inurl:/wp-content/plugins/wordpress-popular-posts/scripts/timthumb.php
inurl:/wp-content/themes/zcool-like/timthumb.php
inurl:/wp-content/themes/wpbus-d4/includes/timthumb.php
inurl:/wp-content/themes/wp-premium-orange/timthumb.php
inurl:/wp-content/themes/wp-perfect / js / timthumb.php
inurl:/wp-content/themes/wp-newsmagazine/scripts/timthumb.php
inurl:/wp-content/themes/wp-creativix/scripts/timthumb.php
inurl:/wp-content/themes/vibefolio-teaser-10/scripts/timthumb.php
inurl:/wp-content/themes/versitility/timthumb.php
inurl:/wp-content/themes/unity/timthumb.php
inurl:/wp-content/themes/ugly/timthumb.php
inurl:/wp-content/themes/typographywp/timthumb.php
inurl:/wp-content/themes/twittplus/scripts/timthumb.php
inurl:/wp-content/themes/ttnews-theme/timthumb.php
inurl:/wp-content/themes/true-blue-theme/timthumb.php
inurl:/wp-content/themes/travelogue-theme/scripts/timthumb.php
inurl:/wp-content/themes/totallyred/scripts/timthumb.php
inurl:/wp-content/themes/tm-theme / js / timthumb.php
inurl:/wp-content/themes/the_dark_os/tools/timthumb.php
inurl:/wp-content/themes/swift/timthumb.php
inurl:/wp-content/themes/swift/includes/timthumb.php
inurl:/wp-content/themes/suffusion/timthumb.php
inurl:/wp-content/themes/squeezepage/timthumb.php
inurl:/wp-content/themes/spotlight/timthumb.php
inurl:/wp-content/themes/slidette/timThumb/timthumb.php
inurl:/wp-content/themes/simplewhite/timthumb.php
inurl:/wp-content/themes/simplenews_premium/scripts/timthumb.php
inurl:/wp-content/themes/simple-red-theme/timthumb.php
inurl:/wp-content/themes/simple-but-great/timthumb.php
inurl:/wp-content/themes/shadow/timthumb.php
inurl:/wp-content/themes/shaan/timthumb.php
inurl:/wp-content/themes/regal/timthumb.php
inurl:/wp-content/themes/probluezine/timthumb.php
inurl:/wp-content/themes/postage-sydney/includes/timthumb.php
inurl:/wp-content/themes/pico/scripts/timthumb.php
inurl:/wp-content/themes/pearlie/scripts/timthumb.php
inurl:/wp-content/themes/new-green-natural-living-ngnl/scripts/timthumb.php
inurl:/wp-content/themes/neofresh/timthumb.php
inurl:/wp-content/themes/nash/theme-assets/php/timthumb.php
inurl:/wp-content/themes/mystique/extensions/auto-thumb/timthumb.php
inurl:/wp-content/themes/mymag/timthumb.php
inurl:/wp-content/themes/my-heli/images/timthumb.php
inurl:/wp-content/themes/moi-magazine/timthumb.php
inurl:/wp-content/themes/make-money-online-theme/scripts/timthumb.php
inurl:/wp-content/themes/make-money-online-theme-4/scripts/timthumb.php
inurl:/wp-content/themes/make-money-online-theme-3/scripts/timthumb.php
inurl:/wp-content/themes/make-money-online-theme-2/scripts/timthumb.php
inurl:/wp-content/themes/make-money-online-theme-1/scripts/timthumb.php
inurl:/wp-content/themes/magup/timthumb.php
inurl:/wp-content/themes/litepress/scripts/timthumb.php
inurl:/wp-content/themes/likehacker/timthumb.php
inurl:/wp-content/themes/jellyfish/lib/rt-timthumb.php
inurl:/wp-content/themes/iwana-v10/timthumb.php
inurl:/wp-content/themes/impressio/timthumb/timthumb.php
inurl:/wp-content/themes/ideatheme/timthumb.php
inurl:/wp-content/themes/here-comes-the-bride/lib/rt-timthumb.php
inurl:/wp-content/themes/heli-1-wordpress-theme/images/timthumb.php
inurl:/wp-content/themes/greyzed/functions/efrog/lib/timthumb.php
inurl:/wp-content/themes/greydove/timthumb.php
inurl:/wp-content/themes/granite-lite/scripts/timthumb.php
inurl:/wp-content/themes/go-green/modules/timthumb.php
inurl:/wp-content/themes/fresh-blu/scripts/timthumb.php
inurl:/wp-content/themes/flix/timthumb.php
inurl:/wp-content/themes/fliphoto/timthumb.php
inurl:/wp-content/themes/featuring/timthumb.php
inurl:/wp-content/themes/famous/timthumb.php
inurl:/wp-content/themes/evr-green/scripts/timthumb.php
inurl:/wp-content/themes/epione/script/timthumb.php
inurl:/wp-content/themes/dimenzion/timthumb.php
inurl:/wp-content/themes/deep-blue/timthumb.php
inurl:/wp-content/themes/dark-dream-media/timthumb.php
inurl:/wp-content/themes/coverht-wp/scripts/timthumb.php
inurl:/wp-content/themes/cover-wp/scripts/timthumb.php
inurl:/wp-content/themes/constructor/timthumb.php
inurl:/wp-content/themes/constructor/libs/timthumb.php
inurl:/wp-content/themes/conceditor-wp-strict/scripts/timthumb.php
inurl:/wp-content/themes/comet/scripts/timthumb.php
inurl:/wp-content/themes/calotropis/includes/timthumb.php
inurl:/wp-content/themes/business-turnkey/assets / js / timthumb.php
inurl:/wp-content/themes/brochure-melbourne/includes/timthumb.php
inurl:/wp-content/themes/brightsky/scripts/timthumb.php
inurl:/wp-content/themes/breakingnewz/timthumb.php
inurl:/wp-content/themes/bombax/includes/timthumb.php
inurl:/wp-content/themes/bluemag/library/timthumb.php
inurl:/wp-content/themes/blue-news/scripts/timthumb.php
inurl:/wp-content/themes/blue-corporate-hyve-theme/timthumb.php
inurl:/wp-content/themes/blogified/timthumb.php
inurl:/wp-content/themes/bloggnorge-a1/scripts/timthumb.php
inurl:/wp-content/themes/blex/scripts/timthumb.php
inurl:/wp-content/themes/black_eve/timthumb.php
inurl:/wp-content/themes/automotive-blog-theme/timthumb.php
inurl:/wp-content/themes/automotive-blog-theme/Quick% 20Cash% 20Auto/timthumb.php
inurl:/wp-content/themes/aurorae/timthumb.php
inurl:/wp-content/themes/aureola/scripts/timthumb.php
inurl:/wp-content/themes/artisan/includes/timthumb.php
inurl:/wp-content/themes/arthemix-green/scripts/timthumb.php
inurl:/wp-content/themes/arthemix-bronze/scripts/timthumb.php
inurl:/wp-content/themes/arras/library/timthumb.php
inurl:/wp-content/themes/arras-theme/library/timthumb.php
inurl:/wp-content/themes/aranovo/scripts/timthumb.php
inurl:/wp-content/themes/aqua-blue/includes/timthumb.php
inurl:/wp-content/themes/amphion-lite/script/timthumb.php
inurl:/wp-content/themes/albizia/includes/timthumb.php
inurl:/wp-content/themes/aesthete/timthumb.php
inurl:/wp-content/themes/aerial/lib/timthumb.php
inurl:/wp-content/themes/a-supercms/timthumb.php
inurl:/wp-content/themes/a-simple-business-theme/scripts/timthumb.php
inurl:/wp-content/themes/8q/scripts/timthumb.php
inurl:/wp-content/themes/zcool-like/timthumb.php
inurl:/wp-content/themes/wpbus-d4/includes/timthumb.php
inurl:/wp-content/themes/wp-premium-orange/timthumb.php
inurl:/wp-content/themes/wp-perfect / js / timthumb.php
inurl:/wp-content/themes/wp-newsmagazine/scripts/timthumb.php
inurl:/wp-content/themes/wp-creativix/scripts/timthumb.php
inurl:/wp-content/themes/vibefolio-teaser-10/scripts/timthumb.php
inurl:/wp-content/themes/versitility/timthumb.php
inurl:/wp-content/themes/unity/timthumb.php
inurl:/wp-content/themes/ugly/timthumb.php
inurl:/wp-content/themes/typographywp/timthumb.php
inurl:/wp-content/themes/twittplus/scripts/timthumb.php
inurl:/wp-content/themes/ttnews-theme/timthumb.php
inurl:/wp-content/themes/true-blue-theme/timthumb.php
inurl:/wp-content/themes/travelogue-theme/scripts/timthumb.php
inurl:/wp-content/themes/totallyred/scripts/timthumb.php
inurl:/wp-content/themes/tm-theme / js / timthumb.php
inurl:/wp-content/themes/the_dark_os/tools/timthumb.php
inurl:/wp-content/themes/swift/timthumb.php
inurl:/wp-content/themes/swift/includes/timthumb.php
inurl:/wp-content/themes/suffusion/timthumb.php
inurl:/wp-content/themes/squeezepage/timthumb.php
inurl:/wp-content/themes/spotlight/timthumb.php
inurl:/wp-content/themes/slidette/timThumb/timthumb.php
inurl:/wp-content/themes/simplewhite/timthumb.php
inurl:/wp-content/themes/simplenews_premium/scripts/timthumb.php
inurl:/wp-content/themes/simple-red-theme/timthumb.php
inurl:/wp-content/themes/simple-but-great/timthumb.php
inurl:/wp-content/themes/shadow/timthumb.php
inurl:/wp-content/themes/shaan/timthumb.php
inurl:/wp-content/themes/regal/timthumb.php
inurl:/wp-content/themes/probluezine/timthumb.php
inurl:/wp-content/themes/postage-sydney/includes/timthumb.php
inurl:/wp-content/themes/pico/scripts/timthumb.php
inurl:/wp-content/themes/pearlie/scripts/timthumb.php
inurl:/wp-content/themes/new-green-natural-living-ngnl/scripts/timthumb.php
inurl:/wp-content/themes/neofresh/timthumb.php
inurl:/wp-content/themes/nash/theme-assets/php/timthumb.php
inurl:/wp-content/themes/mystique/extensions/auto-thumb/timthumb.php
inurl:/wp-content/themes/mymag/timthumb.php
inurl:/wp-content/themes/my-heli/images/timthumb.php
inurl:/wp-content/themes/moi-magazine/timthumb.php
inurl:/wp-content/themes/make-money-online-theme/scripts/timthumb.php
inurl:/wp-content/themes/make-money-online-theme-4/scripts/timthumb.php
inurl:/wp-content/themes/make-money-online-theme-3/scripts/timthumb.php
inurl:/wp-content/themes/make-money-online-theme-2/scripts/timthumb.php
inurl:/wp-content/themes/make-money-online-theme-1/scripts/timthumb.php
inurl:/wp-content/themes/magup/timthumb.php
inurl:/wp-content/themes/litepress/scripts/timthumb.php
inurl:/wp-content/themes/likehacker/timthumb.php
inurl:/wp-content/themes/jellyfish/lib/rt-timthumb.php
inurl:/wp-content/themes/iwana-v10/timthumb.php
inurl:/wp-content/themes/impressio/timthumb/timthumb.php
inurl:/wp-content/themes/ideatheme/timthumb.php
inurl:/wp-content/themes/here-comes-the-bride/lib/rt-timthumb.php
inurl:/wp-content/themes/heli-1-wordpress-theme/images/timthumb.php
inurl:/wp-content/themes/greyzed/functions/efrog/lib/timthumb.php
inurl:/wp-content/themes/greydove/timthumb.php
inurl:/wp-content/themes/granite-lite/scripts/timthumb.php
inurl:/wp-content/themes/go-green/modules/timthumb.php
inurl:/wp-content/themes/fresh-blu/scripts/timthumb.php
inurl:/wp-content/themes/flix/timthumb.php
inurl:/wp-content/themes/fliphoto/timthumb.php
inurl:/wp-content/themes/featuring/timthumb.php
inurl:/wp-content/themes/famous/timthumb.php
inurl:/wp-content/themes/evr-green/scripts/timthumb.php
inurl:/wp-content/themes/epione/script/timthumb.php
inurl:/wp-content/themes/dimenzion/timthumb.php
inurl:/wp-content/themes/deep-blue/timthumb.php
inurl:/wp-content/themes/https://howucan.gr/timthumb.php
inurl:/wp-content/themes/dark-dream-media/timthumb.php
inurl:/wp-content/themes/coverht-wp/scripts/timthumb.php
inurl:/wp-content/themes/cover-wp/scripts/timthumb.php
inurl:/wp-content/themes/constructor/timthumb.php
inurl:/wp-content/themes/constructor/libs/timthumb.php
inurl:/wp-content/themes/conceditor-wp-strict/scripts/timthumb.php
inurl:/wp-content/themes/comet/scripts/timthumb.php
inurl:/wp-content/themes/calotropis/includes/timthumb.php
inurl:/wp-content/themes/business-turnkey/assets / js / timthumb.php
inurl:/wp-content/themes/brochure-melbourne/includes/timthumb.php
inurl:/wp-content/themes/brightsky/scripts/timthumb.php
inurl:/wp-content/themes/breakingnewz/timthumb.php
inurl:/wp-content/themes/bombax/includes/timthumb.php
inurl:/wp-content/themes/bluemag/library/timthumb.php
inurl:/wp-content/themes/blue-news/scripts/timthumb.php
inurl:/wp-content/themes/blue-corporate-hyve-theme/timthumb.php
inurl:/wp-content/themes/blogified/timthumb.php
inurl:/wp-content/themes/bloggnorge-a1/scripts/timthumb.php
inurl:/wp-content/themes/blex/scripts/timthumb.php
inurl:/wp-content/themes/black_eve/timthumb.php
inurl:/wp-content/themes/automotive-blog-theme/timthumb.php
inurl:/wp-content/themes/aurorae/timthumb.php
inurl:/wp-content/themes/aureola/scripts/timthumb.php
inurl:/wp-content/themes/artisan/includes/timthumb.php
inurl:/wp-content/themes/arthemix-green/scripts/timthumb.php
inurl:/wp-content/themes/arthemix-bronze/scripts/timthumb.php
inurl:/wp-content/themes/arras/library/timthumb.php
inurl:/wp-content/themes/arras-theme/library/timthumb.php
inurl:/wp-content/themes/aranovo/scripts/timthumb.php
inurl:/wp-content/themes/aqua-blue/includes/timthumb.php
inurl:/wp-content/themes/amphion-lite/script/timthumb.php
inurl:/wp-content/themes/albizia/includes/timthumb.php
inurl:/wp-content/themes/aesthete/timthumb.php
inurl:/wp-content/themes/aerial/lib/timthumb.php
inurl:/wp-content/themes/a-supercms/timthumb.php
inurl:/wp-content/themes/a-simple-business-theme/scripts/timthumb.php
inurl:/wp-content/themes/8q/scripts/timthumb.php
inurl:/wp-content/plugins/category-grid-view-gallery/includes/timthumb.php
inurl:/wp-content/plugins/wp-marketplace/libs/timthumb.php
inurl:/wp-content/plugins/dp-thumbnail/timthumb/timthumb.php
inurl:/wp-content/plugins/vk-gallery/lib/timthumb.php
inurl:/wp-content/plugins/cac-featured-content/timthumb.php
inurl:/wp-content/plugins/rent-a-car/libs/timthumb.php
inurl:/wp-content/plugins/lisl-last-image-slider/timthumb.php
inurl:/wp-content/plugins/islidex/js/timthumb.php
inurl:/wp-content/plugins/kino-gallery/timthumb.php
inurl:/wp-content/plugins/cms-pack/timthumb.php
inurl:/wp-content/plugins/a-gallery/timthumb.php
inurl:/wp-content/plugins/category-list-portfolio-page/scripts/timthumb.php
inurl:/wp-content/plugins/verve-****-boxes/tools/timthumb.php
inurl:/wp-content/plugins/extend-wordpress/helpers/timthumb/image.php
inurl:/wp-content/plugins/timthumb-vulnerability-scanner/cg-tvs-admin-panel.php
inurl:/wp-content/plugins/wp-marketplace/libs/timthumb.php
inurl:/wp-content/plugins/category-grid-view-gallery/includes/timthumb.php
inurl:/wp-content/plugins/wp-marketplace/libs/timthumb.php
inurl:/wp-content/plugins/dp-thumbnail/timthumb/timthumb.php
inurl:/wp-content/plugins/vk-gallery/lib/timthumb.php
inurl:/wp-content/plugins/dp-thumbnail/timthumb/timthumb.php
inurl:/wp-content/plugins/vk-gallery/lib/timthumb.php
inurl:/wp-content/plugins/uBillboard/timthumb.php
inurl:/wp-content/plugins/front-end-upload/
inurl:/wp-content/plugins/omni-secure-files/
inurl:/wp-content/plugins/rbxgallery/
inurl:/wp-content/plugins/wpstorecart/
inurl:/wp-content/plugins/wp-easy-gallery/
inurl:/wp-content/plugins/front-file-manager/
inurl:/wp-content/plugins/html5avmanager/
inurl:/wp-content/plugins/store-locator-le/
inurl:/wp-content/plugins/wp-property/
inurl:/wp-content/plugins/HT-Poi/
inurl:/wp-content/plugins/nmedia-user-file-uploader/
inurl:/wp-content/plugins/foxypress/
inurl:/wp-content/plugins/comment-extra-field/
inurl:/wp-content/plugins/asset-manager/
inurl:/wp-content/plugins/wordpress-member-private-conversation/
inurl:/wp-content/plugins/gallery-plugin/
inurl:/wp-content/plugins/fcchat/
inurl:/wp-content/plugins/font-uploader/
inurl:/wp-content/plugins/mm-forms-community/
inurl:/wp-content/plugins/videowhisper-video-presentation/
inurl:/wp-content/plugins/hungred-post-thumbnail/
inurl:/wp-content/plugins/pdw-file-browser/
inurl:/wp-content/plugins/picturesurf-gallery/
inurl:/wp-content/plugins/allwebmenus-wordpress-menu-plugin/actions.php
inurl:/wp-content/plugins/topquark/
inurl:/wp-content/plugins/custom-content-type-manager/
inurl:/wp-content/plugins/user-****/framework/helper/
inurl:/wp-content/plugins/pica-photo-gallery/
inurl:/wp-content/plugins/drag-drop-file-uploader/
inurl:/wp-content/plugins/videowhisper-video-conference-integration/
inurl:/wp-content/plugins/auctionPlugin/
inurl:/wp-content/plugins/contus-hd-flv-player/
inurl:/wp-content/plugins/contus-video-galleryversion-10/
inurl:/wp-content/plugins/annonces/admin/
inurl:/wp-content/plugins/evarisk/
inurl:/wp-content/plugins/invit0r/
inurl:/wp-content/plugins/zingiri-web-shop/
inurl:/modules/mod_dionefileuploader/
inurl:/wp-content/themes/deep-blue/
inurl:/wp-content/plugins/lim4wp/
inurl:/wp-content/themes/famous /
inurl:/wp-content/plugins/lb-mixed-slideshow /