inurl:"?fdx_switcher=mobile" site:.be -treadofpioneers -exploit -dork -security -drewapenaar -lorentzschool -tunesoman -dipintoguitars -berkeleyrecycling -alphaonenow -njsfwc'
inurl:"/wp-content/plugins/wp-mon" site:.be -treadofpioneers -exploit -dork -security -drewapenaar -lorentzschool -tunesoman -dipintoguitars -berkeleyrecycling -alphaonenow -njsfwc'
inurl:"php?page=miwoftp" site:.be -treadofpioneers -exploit -dork -security -drewapenaar -lorentzschool -tunesoman -dipintoguitars -berkeleyrecycling -alphaonenow -njsfwc'
inurl:wp-content/themes/Divi/ site:.be -treadofpioneers -exploit -dork -security -drewapenaar -lorentzschool -tunesoman -dipintoguitars -berkeleyrecycling -alphaonenow -njsfwc'
revslider.php "index of" site:.be -treadofpioneers -exploit -dork -security -drewapenaar -lorentzschool -tunesoman -dipintoguitars -berkeleyrecycling -alphaonenow -njsfwc'
inurl:"/plugins/justified-image-grid" site:.be -treadofpioneers -exploit -dork -security -drewapenaar -lorentzschool -tunesoman -dipintoguitars -berkeleyrecycling -alphaonenow -njsfwc'
wp-admin & inurl:revslider_show_image site:.be -treadofpioneers -exploit -dork -security -drewapenaar -lorentzschool -tunesoman -dipintoguitars -berkeleyrecycling -alphaonenow -njsfwc'
"Index of" & /wp-content/themes/lote27/ site:.be -treadofpioneers -exploit -dork -security -drewapenaar -lorentzschool -tunesoman -dipintoguitars -berkeleyrecycling -alphaonenow -njsfwc'
"Index of" & /wp-content/themes/trinity/ site:.be -treadofpioneers -exploit -dork -security -drewapenaar -lorentzschool -tunesoman -dipintoguitars -berkeleyrecycling -alphaonenow -njsfwc'
"Index of" & /wp-content/themes/beach_apollo/ site:.be -treadofpioneers -exploit -dork -security -drewapenaar -lorentzschool -tunesoman -dipintoguitars -berkeleyrecycling -alphaonenow -njsfwc'
"Index of" & /wp-content/themes/striking_r/ site:.be -treadofpioneers -exploit -dork -security -drewapenaar -lorentzschool -tunesoman -dipintoguitars -berkeleyrecycling -alphaonenow -njsfwc'
"Index of" & /wp-content/themes/Avada/ site:.be -treadofpioneers -exploit -dork -security -drewapenaar -lorentzschool -tunesoman -dipintoguitars -berkeleyrecycling -alphaonenow -njsfwc'
"Index of" & /wp-content/themes/Centum/ site:.be -treadofpioneers -exploit -dork -security -drewapenaar -lorentzschool -tunesoman -dipintoguitars -berkeleyrecycling -alphaonenow -njsfwc'
"Index of" & /wp-content/themes/medicate/ site:.be -treadofpioneers -exploit -dork -security -drewapenaar -lorentzschool -tunesoman -dipintoguitars -berkeleyrecycling -alphaonenow -njsfwc'
"Index of" & /wp-content/themes/ultimatum/ site:.be -treadofpioneers -exploit -dork -security -drewapenaar -lorentzschool -tunesoman -dipintoguitars -berkeleyrecycling -alphaonenow -njsfwc'
"Index of" & /wp-content/themes/IncredibleWP/ site:.be -treadofpioneers -exploit -dork -security -drewapenaar -lorentzschool -tunesoman -dipintoguitars -berkeleyrecycling -alphaonenow -njsfwc'
"Index of" & /wp-content/themes/cuckootap/ site:.be -treadofpioneers -exploit -dork -security -drewapenaar -lorentzschool -tunesoman -dipintoguitars -berkeleyrecycling -alphaonenow -njsfwc'
"Index of" & /wp-content/themes/Avada/ site:.be -treadofpioneers -exploit -dork -security -drewapenaar -lorentzschool -tunesoman -dipintoguitars -berkeleyrecycling -alphaonenow -njsfwc'
inurl:revslider_show_image -intext:revslider_show_image site:.be
"Index of" & /wp-content/themes/medicate/ site:.be -treadofpioneers -exploit -dork -security -drewapenaar -lorentzschool -tunesoman -dipintoguitars -berkeleyrecycling -alphaonenow -njsfwc'
"Index of" & /wp-content/themes/Centum/ site:.be -treadofpioneers -exploit -dork -security -drewapenaar -lorentzschool -tunesoman -dipintoguitars -berkeleyrecycling -alphaonenow -njsfwc'
inurl:ajax-store-locator site:.be -treadofpioneers -exploit -dork -security -drewapenaar -lorentzschool -tunesoman -dipintoguitars -berkeleyrecycling -alphaonenow -njsfwc'
